Archive member included to satisfy reference by file (symbol)

/home/tselvam/build_tools/riscv64-unknown-elf-toolchain-10.2.0-2020.12.8-x86_64-linux-ubuntu14/bin/../lib/gcc/riscv64-unknown-elf/10.2.0/rv32imac/ilp32/libgcc.a(_lshrdi3.o)
                              cmake/dc_scm_1sp/CMakeFiles/dc_scm_1sp.elf.dir/home/tselvam/oss-release/azihsm-fw/core/asn1/asn1_util.c.obj (__lshrdi3)
/home/tselvam/build_tools/riscv64-unknown-elf-toolchain-10.2.0-2020.12.8-x86_64-linux-ubuntu14/bin/../lib/gcc/riscv64-unknown-elf/10.2.0/rv32imac/ilp32/libgcc.a(_divdi3.o)
                              cmake/dc_scm_1sp/CMakeFiles/dc_scm_1sp.elf.dir/home/tselvam/oss-release/azihsm-fw/projects/microsoft/hsp/platform/api/platform_clock_hsp.c.obj (__divdi3)
/home/tselvam/build_tools/riscv64-unknown-elf-toolchain-10.2.0-2020.12.8-x86_64-linux-ubuntu14/bin/../lib/gcc/riscv64-unknown-elf/10.2.0/rv32imac/ilp32/libgcc.a(_udivdi3.o)
                              cmake/dc_scm_1sp/CMakeFiles/dc_scm_1sp.elf.dir/home/tselvam/oss-release/azihsm-fw/projects/microsoft/hsp/platform/system/hsp_watchdog.c.obj (__udivdi3)
/home/tselvam/build_tools/riscv64-unknown-elf-toolchain-10.2.0-2020.12.8-x86_64-linux-ubuntu14/bin/../lib/gcc/riscv64-unknown-elf/10.2.0/rv32imac/ilp32/libgcc.a(_clz.o)
                              /home/tselvam/build_tools/riscv64-unknown-elf-toolchain-10.2.0-2020.12.8-x86_64-linux-ubuntu14/bin/../lib/gcc/riscv64-unknown-elf/10.2.0/rv32imac/ilp32/libgcc.a(_divdi3.o) (__clz_tab)
/home/tselvam/build_tools/riscv64-unknown-elf-toolchain-10.2.0-2020.12.8-x86_64-linux-ubuntu14/bin/../lib/gcc/riscv64-unknown-elf/10.2.0/../../../../riscv64-unknown-elf/lib/rv32imac/ilp32/libg_nano.a(lib_a-calloc.o)
                              cmake/dc_scm_1sp/CMakeFiles/dc_scm_1sp.elf.dir/home/tselvam/oss-release/azihsm-fw/projects/microsoft/hsp/manticore/src/firmware/manticore_firmware_package.c.obj (calloc)
/home/tselvam/build_tools/riscv64-unknown-elf-toolchain-10.2.0-2020.12.8-x86_64-linux-ubuntu14/bin/../lib/gcc/riscv64-unknown-elf/10.2.0/../../../../riscv64-unknown-elf/lib/rv32imac/ilp32/libg_nano.a(lib_a-impure.o)
                              /home/tselvam/build_tools/riscv64-unknown-elf-toolchain-10.2.0-2020.12.8-x86_64-linux-ubuntu14/bin/../lib/gcc/riscv64-unknown-elf/10.2.0/../../../../riscv64-unknown-elf/lib/rv32imac/ilp32/libg_nano.a(lib_a-calloc.o) (_impure_ptr)
/home/tselvam/build_tools/riscv64-unknown-elf-toolchain-10.2.0-2020.12.8-x86_64-linux-ubuntu14/bin/../lib/gcc/riscv64-unknown-elf/10.2.0/../../../../riscv64-unknown-elf/lib/rv32imac/ilp32/libg_nano.a(lib_a-malloc.o)
                              cmake/dc_scm_1sp/CMakeFiles/dc_scm_1sp.elf.dir/home/tselvam/oss-release/azihsm-fw/core/asn1/x509_cert_build.c.obj (malloc)
/home/tselvam/build_tools/riscv64-unknown-elf-toolchain-10.2.0-2020.12.8-x86_64-linux-ubuntu14/bin/../lib/gcc/riscv64-unknown-elf/10.2.0/../../../../riscv64-unknown-elf/lib/rv32imac/ilp32/libg_nano.a(lib_a-memcmp.o)
                              cmake/dc_scm_1sp/CMakeFiles/dc_scm_1sp.elf.dir/home/tselvam/oss-release/azihsm-fw/core/asn1/ecc_der_util.c.obj (memcmp)
/home/tselvam/build_tools/riscv64-unknown-elf-toolchain-10.2.0-2020.12.8-x86_64-linux-ubuntu14/bin/../lib/gcc/riscv64-unknown-elf/10.2.0/../../../../riscv64-unknown-elf/lib/rv32imac/ilp32/libg_nano.a(lib_a-memcpy.o)
                              cmake/dc_scm_1sp/CMakeFiles/dc_scm_1sp.elf.dir/home/tselvam/oss-release/azihsm-fw/core/asn1/asn1_util.c.obj (memcpy)
/home/tselvam/build_tools/riscv64-unknown-elf-toolchain-10.2.0-2020.12.8-x86_64-linux-ubuntu14/bin/../lib/gcc/riscv64-unknown-elf/10.2.0/../../../../riscv64-unknown-elf/lib/rv32imac/ilp32/libg_nano.a(lib_a-memmove-stub.o)
                              cmake/dc_scm_1sp/CMakeFiles/dc_scm_1sp.elf.dir/home/tselvam/oss-release/azihsm-fw/core/common/common_math.c.obj (memmove)
/home/tselvam/build_tools/riscv64-unknown-elf-toolchain-10.2.0-2020.12.8-x86_64-linux-ubuntu14/bin/../lib/gcc/riscv64-unknown-elf/10.2.0/../../../../riscv64-unknown-elf/lib/rv32imac/ilp32/libg_nano.a(lib_a-memset.o)
                              cmake/dc_scm_1sp/CMakeFiles/dc_scm_1sp.elf.dir/home/tselvam/oss-release/azihsm-fw/core/asn1/base64_core.c.obj (memset)
/home/tselvam/build_tools/riscv64-unknown-elf-toolchain-10.2.0-2020.12.8-x86_64-linux-ubuntu14/bin/../lib/gcc/riscv64-unknown-elf/10.2.0/../../../../riscv64-unknown-elf/lib/rv32imac/ilp32/libg_nano.a(lib_a-nano-callocr.o)
                              /home/tselvam/build_tools/riscv64-unknown-elf-toolchain-10.2.0-2020.12.8-x86_64-linux-ubuntu14/bin/../lib/gcc/riscv64-unknown-elf/10.2.0/../../../../riscv64-unknown-elf/lib/rv32imac/ilp32/libg_nano.a(lib_a-calloc.o) (_calloc_r)
/home/tselvam/build_tools/riscv64-unknown-elf-toolchain-10.2.0-2020.12.8-x86_64-linux-ubuntu14/bin/../lib/gcc/riscv64-unknown-elf/10.2.0/../../../../riscv64-unknown-elf/lib/rv32imac/ilp32/libg_nano.a(lib_a-nano-freer.o)
[...]
Memory Configuration

Name             Origin             Length             Attributes
sp_rom           0x0000000020000000 0x0000000000010000 axr
sp_iram          0x0000000020080000 0x0000000000060000 arw
sp_dram          0x0000000020100000 0x000000000002d000 axrw
sp_dram_shared   0x000000002012d000 0x0000000000003000 arw
sp_sharedram     0x000000008f020000 0x0000000000002000 arw
*default*        0x0000000000000000 0xffffffffffffffff

Linker script and memory map

                0x0000000000002000                __stack_size = 0x2000

.boot           0x0000000020100000    0x20000
                0x0000000020100000                _exe_start = .
 *(.boot*)
 .boot          0x0000000020100000       0x5a cmake/dc_scm_1sp/CMakeFiles/dc_scm_1sp.elf.dir/home/tselvam/oss-release/azihsm-fw/projects/microsoft/hsp/platform/openhsp/sources/hsp/splibs/hsprt/startup.S.obj
                0x0000000020100000                HsprtStartup
                0x0000000020100040                _defaultTrap
 *(.textsv*)
 *(.text*)
 .text.asn1_parse_der_header
                0x000000002010005a       0xec cmake/dc_scm_1sp/CMakeFiles/dc_scm_1sp.elf.dir/home/tselvam/oss-release/azihsm-fw/core/asn1/asn1_util.c.obj
 .text.asn1_get_item
                0x0000000020100146       0x88 cmake/dc_scm_1sp/CMakeFiles/dc_scm_1sp.elf.dir/home/tselvam/oss-release/azihsm-fw/core/asn1/asn1_util.c.obj
 .text.asn1_get_der_item_len
                0x00000000201001ce       0x48 cmake/dc_scm_1sp/CMakeFiles/dc_scm_1sp.elf.dir/home/tselvam/oss-release/azihsm-fw/core/asn1/asn1_util.c.obj
                0x00000000201001ce                asn1_get_der_item_len
 .text.asn1_encode_integer
                0x0000000020100216       0xe0 cmake/dc_scm_1sp/CMakeFiles/dc_scm_1sp.elf.dir/home/tselvam/oss-release/azihsm-fw/core/asn1/asn1_util.c.obj
                0x0000000020100216                asn1_encode_integer
 .text.asn1_decode_integer
                0x00000000201002f6       0xac cmake/dc_scm_1sp/CMakeFiles/dc_scm_1sp.elf.dir/home/tselvam/oss-release/azihsm-fw/core/asn1/asn1_util.c.obj
                0x00000000201002f6                asn1_decode_integer
 .text.base64_core_encode
                0x00000000201003a2      0x160 cmake/dc_scm_1sp/CMakeFiles/dc_scm_1sp.elf.dir/home/tselvam/oss-release/azihsm-fw/core/asn1/base64_core.c.obj
                0x00000000201003a2                base64_core_encode
 .text.ecc_der_get_next_tag
                0x0000000020100502       0x96 cmake/dc_scm_1sp/CMakeFiles/dc_scm_1sp.elf.dir/home/tselvam/oss-release/azihsm-fw/core/asn1/ecc_der_util.c.obj
 .text.ecc_der_add_next_tag
                0x0000000020100598       0xae cmake/dc_scm_1sp/CMakeFiles/dc_scm_1sp.elf.dir/home/tselvam/oss-release/azihsm-fw/core/asn1/ecc_der_util.c.obj
 .text.ecc_der_encode_public_key_bit_string
                0x0000000020100646       0xd0 cmake/dc_scm_1sp/CMakeFiles/dc_scm_1sp.elf.dir/home/tselvam/oss-release/azihsm-fw/core/asn1/ecc_der_util.c.obj
 .text.ecc_der_encode_ecdsa_integer
                0x0000000020100716       0xdc cmake/dc_scm_1sp/CMakeFiles/dc_scm_1sp.elf.dir/home/tselvam/oss-release/azihsm-fw/core/asn1/ecc_der_util.c.obj
 .text.ecc_der_decode_ecdsa_integer
                0x00000000201007f2       0xc0 cmake/dc_scm_1sp/CMakeFiles/dc_scm_1sp.elf.dir/home/tselvam/oss-release/azihsm-fw/core/asn1/ecc_der_util.c.obj
 .text.ecc_der_decode_private_key_no_copy
                0x00000000201008b2      0x176 cmake/dc_scm_1sp/CMakeFiles/dc_scm_1sp.elf.dir/home/tselvam/oss-release/azihsm-fw/core/asn1/ecc_der_util.c.obj
                0x00000000201008b2                ecc_der_decode_private_key_no_copy
 .text.ecc_der_decode_private_key
                0x0000000020100a28       0x88 cmake/dc_scm_1sp/CMakeFiles/dc_scm_1sp.elf.dir/home/tselvam/oss-release/azihsm-fw/core/asn1/ecc_der_util.c.obj
                0x0000000020100a28                ecc_der_decode_private_key
 .text.ecc_der_encode_private_key
                0x0000000020100ab0      0x198 cmake/dc_scm_1sp/CMakeFiles/dc_scm_1sp.elf.dir/home/tselvam/oss-release/azihsm-fw/core/asn1/ecc_der_util.c.obj
                0x0000000020100ab0                ecc_der_encode_private_key
 .text.ecc_der_decode_public_key_no_copy
                0x0000000020100c48      0x196 cmake/dc_scm_1sp/CMakeFiles/dc_scm_1sp.elf.dir/home/tselvam/oss-release/azihsm-fw/core/asn1/ecc_der_util.c.obj
                0x0000000020100c48                ecc_der_decode_public_key_no_copy
 .text.ecc_der_decode_public_key
                0x0000000020100dde       0xc0 cmake/dc_scm_1sp/CMakeFiles/dc_scm_1sp.elf.dir/home/tselvam/oss-release/azihsm-fw/core/asn1/ecc_der_util.c.obj
                0x0000000020100dde                ecc_der_decode_public_key
 .text.ecc_der_encode_public_key
                0x0000000020100e9e      0x114 cmake/dc_scm_1sp/CMakeFiles/dc_scm_1sp.elf.dir/home/tselvam/oss-release/azihsm-fw/core/asn1/ecc_der_util.c.obj
                0x0000000020100e9e                ecc_der_encode_public_key
 .text.ecc_der_decode_ecdsa_signature
                0x0000000020100fb2       0x94 cmake/dc_scm_1sp/CMakeFiles/dc_scm_1sp.elf.dir/home/tselvam/oss-release/azihsm-fw/core/asn1/ecc_der_util.c.obj
                0x0000000020100fb2                ecc_der_decode_ecdsa_signature
 .text.ecc_der_encode_ecdsa_signature
                0x0000000020101046       0x9e cmake/dc_scm_1sp/CMakeFiles/dc_scm_1sp.elf.dir/home/tselvam/oss-release/azihsm-fw/core/asn1/ecc_der_util.c.obj
                0x0000000020101046                ecc_der_encode_ecdsa_signature
 .text.ecc_der_get_ecdsa_max_signature_length
                0x00000000201010e4       0x48 cmake/dc_scm_1sp/CMakeFiles/dc_scm_1sp.elf.dir/home/tselvam/oss-release/azihsm-fw/core/asn1/ecc_der_util.c.obj
                0x00000000201010e4                ecc_der_get_ecdsa_max_signature_length
 .text.x509_cert_build_free_cert
                0x000000002010112c       0x5c cmake/dc_scm_1sp/CMakeFiles/dc_scm_1sp.elf.dir/home/tselvam/oss-release/azihsm-fw/core/asn1/x509_cert_build.c.obj
 .text.x509_cert_build_new_cert
                0x0000000020101188       0x72 cmake/dc_scm_1sp/CMakeFiles/dc_scm_1sp.elf.dir/home/tselvam/oss-release/azihsm-fw/core/asn1/x509_cert_build.c.obj
 .text.x509_cert_build_add_key_usage_extension
                0x00000000201011fa       0xae cmake/dc_scm_1sp/CMakeFiles/dc_scm_1sp.elf.dir/home/tselvam/oss-release/azihsm-fw/core/asn1/x509_cert_build.c.obj
 .text.x509_cert_build_add_custom_extension
                0x00000000201012a8       0xb8 cmake/dc_scm_1sp/CMakeFiles/dc_scm_1sp.elf.dir/home/tselvam/oss-release/azihsm-fw/core/asn1/x509_cert_build.c.obj
 .text.x509_cert_build_sign_certificate
                0x0000000020101360      0x11e cmake/dc_scm_1sp/CMakeFiles/dc_scm_1sp.elf.dir/home/tselvam/oss-release/azihsm-fw/core/asn1/x509_cert_build.c.obj
 .text.x509_cert_build_add_x509_name
                0x000000002010147e       0xbe cmake/dc_scm_1sp/CMakeFiles/dc_scm_1sp.elf.dir/home/tselvam/oss-release/azihsm-fw/core/asn1/x509_cert_build.c.obj
 .text.x509_cert_build_add_basic_constraints_extension
                0x000000002010153c       0xf0 cmake/dc_scm_1sp/CMakeFiles/dc_scm_1sp.elf.dir/home/tselvam/oss-release/azihsm-fw/core/asn1/x509_cert_build.c.obj
 .text.x509_cert_build_load_certificate
                0x000000002010162c       0xae cmake/dc_scm_1sp/CMakeFiles/dc_scm_1sp.elf.dir/home/tselvam/oss-release/azihsm-fw/core/asn1/x509_cert_build.c.obj
                0x000000002010162c                x509_cert_build_load_certificate
 .text.x509_cert_build_release_certificate
                0x00000000201016da       0x5c cmake/dc_scm_1sp/CMakeFiles/dc_scm_1sp.elf.dir/home/tselvam/oss-release/azihsm-fw/core/asn1/x509_cert_build.c.obj
                0x00000000201016da                x509_cert_build_release_certificate
 .text.x509_cert_build_create_csr
                0x0000000020101736      0x32e cmake/dc_scm_1sp/CMakeFiles/dc_scm_1sp.elf.dir/home/tselvam/oss-release/azihsm-fw/core/asn1/x509_cert_build.c.obj
                0x0000000020101736                x509_cert_build_create_csr
 .text.x509_cert_build_build_certificate_tbs_data
                0x0000000020101a64      0x2b8 cmake/dc_scm_1sp/CMakeFiles/dc_scm_1sp.elf.dir/home/tselvam/oss-release/azihsm-fw/core/asn1/x509_cert_build.c.obj
 .text.x509_cert_build_create_ca_signed_certificate
                0x0000000020101d1c      0x2b2 cmake/dc_scm_1sp/CMakeFiles/dc_scm_1sp.elf.dir/home/tselvam/oss-release/azihsm-fw/core/asn1/x509_cert_build.c.obj
                0x0000000020101d1c                x509_cert_build_create_ca_signed_certificate
 .text.x509_cert_build_get_certificate_der
                0x0000000020101fce       0x8e cmake/dc_scm_1sp/CMakeFiles/dc_scm_1sp.elf.dir/home/tselvam/oss-release/azihsm-fw/core/asn1/x509_cert_build.c.obj
                0x0000000020101fce                x509_cert_build_get_certificate_der
 .text.x509_cert_build_create_self_signed_certificate
                0x000000002010205c      0x1c6 cmake/dc_scm_1sp/CMakeFiles/dc_scm_1sp.elf.dir/home/tselvam/oss-release/azihsm-fw/core/asn1/x509_cert_build.c.obj
                0x000000002010205c                x509_cert_build_create_self_signed_certificate
 .text.x509_extension_builder_init_extension_descriptor
                0x0000000020102222       0x34 cmake/dc_scm_1sp/CMakeFiles/dc_scm_1sp.elf.dir/home/tselvam/oss-release/azihsm-fw/core/asn1/x509_extension_builder.c.obj
                0x0000000020102222                x509_extension_builder_init_extension_descriptor
 .text.x509_extension_builder_eku_free_static
                0x0000000020102256       0x26 cmake/dc_scm_1sp/CMakeFiles/dc_scm_1sp.elf.dir/home/tselvam/oss-release/azihsm-fw/core/asn1/x509_extension_builder_eku.c.obj
                0x0000000020102256                x509_extension_builder_eku_free_static
 .text.x509_extension_builder_eku_create_extension
                0x000000002010227c       0xd0 cmake/dc_scm_1sp/CMakeFiles/dc_scm_1sp.elf.dir/home/tselvam/oss-release/azihsm-fw/core/asn1/x509_extension_builder_eku.c.obj
 .text.x509_extension_builder_eku_build_static
                0x000000002010234c       0x52 cmake/dc_scm_1sp/CMakeFiles/dc_scm_1sp.elf.dir/home/tselvam/oss-release/azihsm-fw/core/asn1/x509_extension_builder_eku.c.obj
                0x000000002010234c                x509_extension_builder_eku_build_static
 .text.x509_extension_builder_dice_tcbinfo_free_static
                0x000000002010239e       0x26 cmake/dc_scm_1sp/CMakeFiles/dc_scm_1sp.elf.dir/home/tselvam/oss-release/azihsm-fw/core/asn1/dice/x509_extension_builder_dice_tcbinfo.c.obj
                0x000000002010239e                x509_extension_builder_dice_tcbinfo_free_static
 .text.x509_extension_builder_dice_tcbinfo_add_fwid_list
                0x00000000201023c4       0xe4 cmake/dc_scm_1sp/CMakeFiles/dc_scm_1sp.elf.dir/home/tselvam/oss-release/azihsm-fw/core/asn1/dice/x509_extension_builder_dice_tcbinfo.c.obj
 .text.x509_extension_builder_dice_tcbinfo_create_extension
                0x00000000201024a8      0x2b0 cmake/dc_scm_1sp/CMakeFiles/dc_scm_1sp.elf.dir/home/tselvam/oss-release/azihsm-fw/core/asn1/dice/x509_extension_builder_dice_tcbinfo.c.obj
 .text.x509_extension_builder_dice_tcbinfo_build_static
                0x0000000020102758       0x52 cmake/dc_scm_1sp/CMakeFiles/dc_scm_1sp.elf.dir/home/tselvam/oss-release/azihsm-fw/core/asn1/dice/x509_extension_builder_dice_tcbinfo.c.obj
                0x0000000020102758                x509_extension_builder_dice_tcbinfo_build_static
 .text.x509_extension_builder_dice_ueid_free_static
                0x00000000201027aa       0x26 cmake/dc_scm_1sp/CMakeFiles/dc_scm_1sp.elf.dir/home/tselvam/oss-release/azihsm-fw/core/asn1/dice/x509_extension_builder_dice_ueid.c.obj
                0x00000000201027aa                x509_extension_builder_dice_ueid_free_static
 .text.x509_extension_builder_dice_ueid_create_extension
                0x00000000201027d0       0xb2 cmake/dc_scm_1sp/CMakeFiles/dc_scm_1sp.elf.dir/home/tselvam/oss-release/azihsm-fw/core/asn1/dice/x509_extension_builder_dice_ueid.c.obj
 .text.x509_extension_builder_dice_ueid_build_static
                0x0000000020102882       0x4e cmake/dc_scm_1sp/CMakeFiles/dc_scm_1sp.elf.dir/home/tselvam/oss-release/azihsm-fw/core/asn1/dice/x509_extension_builder_dice_ueid.c.obj
                0x0000000020102882                x509_extension_builder_dice_ueid_build_static
 .text.dme_structure_init.constprop.0
                0x00000000201028d0      0x114 cmake/dc_scm_1sp/CMakeFiles/dc_scm_1sp.elf.dir/home/tselvam/oss-release/azihsm-fw/core/asn1/dme/dme_structure.c.obj
 .text.dme_structure_init_chained_ecc384_sha384
                0x00000000201029e4       0x4c cmake/dc_scm_1sp/CMakeFiles/dc_scm_1sp.elf.dir/home/tselvam/oss-release/azihsm-fw/core/asn1/dme/dme_structure.c.obj
                0x00000000201029e4                dme_structure_init_chained_ecc384_sha384
 .text.dme_structure_raw_ecc_encode_der
                0x0000000020102a30       0xbe cmake/dc_scm_1sp/CMakeFiles/dc_scm_1sp.elf.dir/home/tselvam/oss-release/azihsm-fw/core/asn1/dme/dme_structure_raw_ecc.c.obj
 .text.dme_structure_raw_ecc_init_chained_ecc384_sha384
                0x0000000020102aee       0x90 cmake/dc_scm_1sp/CMakeFiles/dc_scm_1sp.elf.dir/home/tselvam/oss-release/azihsm-fw/core/asn1/dme/dme_structure_raw_ecc.c.obj
                0x0000000020102aee                dme_structure_raw_ecc_init_chained_ecc384_sha384
 .text.x509_extension_builder_dme_free_static
                0x0000000020102b7e       0x26 cmake/dc_scm_1sp/CMakeFiles/dc_scm_1sp.elf.dir/home/tselvam/oss-release/azihsm-fw/core/asn1/dme/x509_extension_builder_dme.c.obj
                0x0000000020102b7e                x509_extension_builder_dme_free_static
 .text.x509_extension_builder_dme_create_extension
                0x0000000020102ba4      0x19e cmake/dc_scm_1sp/CMakeFiles/dc_scm_1sp.elf.dir/home/tselvam/oss-release/azihsm-fw/core/asn1/dme/x509_extension_builder_dme.c.obj
 .text.x509_extension_builder_dme_build_static
                0x0000000020102d42       0x54 cmake/dc_scm_1sp/CMakeFiles/dc_scm_1sp.elf.dir/home/tselvam/oss-release/azihsm-fw/core/asn1/dme/x509_extension_builder_dme.c.obj
                0x0000000020102d42                x509_extension_builder_dme_build_static
 .text.counter_manager_registers_set_counter
                0x0000000020102d96       0x76 cmake/dc_scm_1sp/CMakeFiles/dc_scm_1sp.elf.dir/home/tselvam/oss-release/azihsm-fw/core/cmd_interface/counter_manager_registers.c.obj
 .text.counter_manager_registers_get_counter
                0x0000000020102e0c       0x5e cmake/dc_scm_1sp/CMakeFiles/dc_scm_1sp.elf.dir/home/tselvam/oss-release/azihsm-fw/core/cmd_interface/counter_manager_registers.c.obj
                0x0000000020102e0c                counter_manager_registers_get_counter
 .text.counter_manager_registers_increment
                0x0000000020102e6a       0x84 cmake/dc_scm_1sp/CMakeFiles/dc_scm_1sp.elf.dir/home/tselvam/oss-release/azihsm-fw/core/cmd_interface/counter_manager_registers.c.obj
                0x0000000020102e6a                counter_manager_registers_increment
 .text.counter_manager_registers_init
                0x0000000020102eee       0x62 cmake/dc_scm_1sp/CMakeFiles/dc_scm_1sp.elf.dir/home/tselvam/oss-release/azihsm-fw/core/cmd_interface/counter_manager_registers.c.obj
                0x0000000020102eee                counter_manager_registers_init
 .text.buffer_copy
                0x0000000020102f50       0x8c cmake/dc_scm_1sp/CMakeFiles/dc_scm_1sp.elf.dir/home/tselvam/oss-release/azihsm-fw/core/common/buffer_util.c.obj
                0x0000000020102f50                buffer_copy
 .text.buffer_reverse
                0x0000000020102fdc       0x4a cmake/dc_scm_1sp/CMakeFiles/dc_scm_1sp.elf.dir/home/tselvam/oss-release/azihsm-fw/core/common/buffer_util.c.obj
                0x0000000020102fdc                buffer_reverse
 .text.buffer_reverse_copy
                0x0000000020103026       0x44 cmake/dc_scm_1sp/CMakeFiles/dc_scm_1sp.elf.dir/home/tselvam/oss-release/azihsm-fw/core/common/buffer_util.c.obj
                0x0000000020103026                buffer_reverse_copy
 .text.buffer_compare
                0x000000002010306a       0x6e cmake/dc_scm_1sp/CMakeFiles/dc_scm_1sp.elf.dir/home/tselvam/oss-release/azihsm-fw/core/common/buffer_util.c.obj
                0x000000002010306a                buffer_compare
 .text.buffer_compare_dwords
                0x00000000201030d8       0x6a cmake/dc_scm_1sp/CMakeFiles/dc_scm_1sp.elf.dir/home/tselvam/oss-release/azihsm-fw/core/common/buffer_util.c.obj
                0x00000000201030d8                buffer_compare_dwords
 .text.buffer_zeroize
                0x0000000020103142       0x44 cmake/dc_scm_1sp/CMakeFiles/dc_scm_1sp.elf.dir/home/tselvam/oss-release/azihsm-fw/core/common/buffer_util.c.obj
                0x0000000020103142                buffer_zeroize
 .text.buffer_zeroize_dwords
                0x0000000020103186       0x3c cmake/dc_scm_1sp/CMakeFiles/dc_scm_1sp.elf.dir/home/tselvam/oss-release/azihsm-fw/core/common/buffer_util.c.obj
                0x0000000020103186                buffer_zeroize_dwords
 .text.buffer_unaligned_copy16
                0x00000000201031c2       0x2e cmake/dc_scm_1sp/CMakeFiles/dc_scm_1sp.elf.dir/home/tselvam/oss-release/azihsm-fw/core/common/buffer_util.c.obj
                0x00000000201031c2                buffer_unaligned_copy16
 .text.buffer_unaligned_copy32
                0x00000000201031f0       0x2e cmake/dc_scm_1sp/CMakeFiles/dc_scm_1sp.elf.dir/home/tselvam/oss-release/azihsm-fw/core/common/buffer_util.c.obj
                0x00000000201031f0                buffer_unaligned_copy32
 .text.buffer_unaligned_copy64
                0x000000002010321e       0x2e cmake/dc_scm_1sp/CMakeFiles/dc_scm_1sp.elf.dir/home/tselvam/oss-release/azihsm-fw/core/common/buffer_util.c.obj
                0x000000002010321e                buffer_unaligned_copy64
 .text.buffer_unaligned_read16
                0x000000002010324c       0x3c cmake/dc_scm_1sp/CMakeFiles/dc_scm_1sp.elf.dir/home/tselvam/oss-release/azihsm-fw/core/common/buffer_util.c.obj
                0x000000002010324c                buffer_unaligned_read16
 .text.buffer_unaligned_write16
                0x0000000020103288       0x3a cmake/dc_scm_1sp/CMakeFiles/dc_scm_1sp.elf.dir/home/tselvam/oss-release/azihsm-fw/core/common/buffer_util.c.obj
                0x0000000020103288                buffer_unaligned_write16
 .text.buffer_unaligned_write32
                0x00000000201032c2       0x36 cmake/dc_scm_1sp/CMakeFiles/dc_scm_1sp.elf.dir/home/tselvam/oss-release/azihsm-fw/core/common/buffer_util.c.obj
                0x00000000201032c2                buffer_unaligned_write32
 .text.buffer_unaligned_write64
                0x00000000201032f8       0x38 cmake/dc_scm_1sp/CMakeFiles/dc_scm_1sp.elf.dir/home/tselvam/oss-release/azihsm-fw/core/common/buffer_util.c.obj
                0x00000000201032f8                buffer_unaligned_write64
 .text.common_math_count_set_bits
                0x0000000020103330       0x44 cmake/dc_scm_1sp/CMakeFiles/dc_scm_1sp.elf.dir/home/tselvam/oss-release/azihsm-fw/core/common/common_math.c.obj
 .text.common_math_swap_bytes_uint32
                0x0000000020103374       0x46 cmake/dc_scm_1sp/CMakeFiles/dc_scm_1sp.elf.dir/home/tselvam/oss-release/azihsm-fw/core/common/common_math.c.obj
                0x0000000020103374                common_math_swap_bytes_uint32
 .text.common_math_get_num_bits_set_in_array
                0x00000000201033ba       0x66 cmake/dc_scm_1sp/CMakeFiles/dc_scm_1sp.elf.dir/home/tselvam/oss-release/azihsm-fw/core/common/common_math.c.obj
                0x00000000201033ba                common_math_get_num_bits_set_in_array
 .text.common_math_get_num_contiguous_bits_set_in_array
                0x0000000020103420       0x72 cmake/dc_scm_1sp/CMakeFiles/dc_scm_1sp.elf.dir/home/tselvam/oss-release/azihsm-fw/core/common/common_math.c.obj
                0x0000000020103420                common_math_get_num_contiguous_bits_set_in_array
 .text.common_math_is_array_zero
                0x0000000020103492       0x46 cmake/dc_scm_1sp/CMakeFiles/dc_scm_1sp.elf.dir/home/tselvam/oss-release/azihsm-fw/core/common/common_math.c.obj
                0x0000000020103492                common_math_is_array_zero
 .text.common_math_compare_array
                0x00000000201034d8       0xc2 cmake/dc_scm_1sp/CMakeFiles/dc_scm_1sp.elf.dir/home/tselvam/oss-release/azihsm-fw/core/common/common_math.c.obj
                0x00000000201034d8                common_math_compare_array
 .text.common_math_set_bit_in_array
                0x000000002010359a       0x5c cmake/dc_scm_1sp/CMakeFiles/dc_scm_1sp.elf.dir/home/tselvam/oss-release/azihsm-fw/core/common/common_math.c.obj
                0x000000002010359a                common_math_set_bit_in_array
 .text.common_math_set_contiguous_bits_to_count
                0x00000000201035f6       0x90 cmake/dc_scm_1sp/CMakeFiles/dc_scm_1sp.elf.dir/home/tselvam/oss-release/azihsm-fw/core/common/common_math.c.obj
 .text.common_math_set_next_bit_in_array_even_count
                0x0000000020103686       0x2e cmake/dc_scm_1sp/CMakeFiles/dc_scm_1sp.elf.dir/home/tselvam/oss-release/azihsm-fw/core/common/common_math.c.obj
                0x0000000020103686                common_math_set_next_bit_in_array_even_count
 .text.common_math_set_next_bit_in_array_odd_count
                0x00000000201036b4       0x2e cmake/dc_scm_1sp/CMakeFiles/dc_scm_1sp.elf.dir/home/tselvam/oss-release/azihsm-fw/core/common/common_math.c.obj
                0x00000000201036b4                common_math_set_next_bit_in_array_odd_count
 .text.common_math_right_shift_array
                0x00000000201036e2       0xd0 cmake/dc_scm_1sp/CMakeFiles/dc_scm_1sp.elf.dir/home/tselvam/oss-release/azihsm-fw/core/common/common_math.c.obj
                0x00000000201036e2                common_math_right_shift_array
 .text.image_header_init
                0x00000000201037b2       0xa2 cmake/dc_scm_1sp/CMakeFiles/dc_scm_1sp.elf.dir/home/tselvam/oss-release/azihsm-fw/core/common/image_header.c.obj
                0x00000000201037b2                image_header_init
 .text.image_header_release
                0x0000000020103854       0x42 cmake/dc_scm_1sp/CMakeFiles/dc_scm_1sp.elf.dir/home/tselvam/oss-release/azihsm-fw/core/common/image_header.c.obj
                0x0000000020103854                image_header_release
 .text.image_header_load_data
                0x0000000020103896       0x88 cmake/dc_scm_1sp/CMakeFiles/dc_scm_1sp.elf.dir/home/tselvam/oss-release/azihsm-fw/core/common/image_header.c.obj
                0x0000000020103896                image_header_load_data
 .text.image_header_get_length
                0x000000002010391e       0x30 cmake/dc_scm_1sp/CMakeFiles/dc_scm_1sp.elf.dir/home/tselvam/oss-release/azihsm-fw/core/common/image_header.c.obj
                0x000000002010391e                image_header_get_length
 .text.image_header_hash_update_header
                0x000000002010394e       0x78 cmake/dc_scm_1sp/CMakeFiles/dc_scm_1sp.elf.dir/home/tselvam/oss-release/azihsm-fw/core/common/image_header.c.obj
                0x000000002010394e                image_header_hash_update_header
 .text.mmio_register_block_read_bits
                0x00000000201039c6       0x9a cmake/dc_scm_1sp/CMakeFiles/dc_scm_1sp.elf.dir/home/tselvam/oss-release/azihsm-fw/core/mmio/mmio_register_block.c.obj
                0x00000000201039c6                mmio_register_block_read_bits
 .text.mmio_register_block_read_bit
                0x0000000020103a60       0x56 cmake/dc_scm_1sp/CMakeFiles/dc_scm_1sp.elf.dir/home/tselvam/oss-release/azihsm-fw/core/mmio/mmio_register_block.c.obj
                0x0000000020103a60                mmio_register_block_read_bit
 .text.mmio_register_block_write_bits
                0x0000000020103ab6       0xb0 cmake/dc_scm_1sp/CMakeFiles/dc_scm_1sp.elf.dir/home/tselvam/oss-release/azihsm-fw/core/mmio/mmio_register_block.c.obj
                0x0000000020103ab6                mmio_register_block_write_bits
 .text.mmio_register_block_set_bit
                0x0000000020103b66       0x30 cmake/dc_scm_1sp/CMakeFiles/dc_scm_1sp.elf.dir/home/tselvam/oss-release/azihsm-fw/core/mmio/mmio_register_block.c.obj
                0x0000000020103b66                mmio_register_block_set_bit
 .text.mmio_register_block_clear_bit
                0x0000000020103b96       0x30 cmake/dc_scm_1sp/CMakeFiles/dc_scm_1sp.elf.dir/home/tselvam/oss-release/azihsm-fw/core/mmio/mmio_register_block.c.obj
                0x0000000020103b96                mmio_register_block_clear_bit
 .text.mmio_register_read32
                0x0000000020103bc6       0x28 cmake/dc_scm_1sp/CMakeFiles/dc_scm_1sp.elf.dir/home/tselvam/oss-release/azihsm-fw/core/mmio/mmio_util.c.obj
                0x0000000020103bc6                mmio_register_read32
 .text.mmio_register_write32
                0x0000000020103bee       0x28 cmake/dc_scm_1sp/CMakeFiles/dc_scm_1sp.elf.dir/home/tselvam/oss-release/azihsm-fw/core/mmio/mmio_util.c.obj
                0x0000000020103bee                mmio_register_write32
 .text.mmio_register_block_read32
                0x0000000020103c16       0x34 cmake/dc_scm_1sp/CMakeFiles/dc_scm_1sp.elf.dir/home/tselvam/oss-release/azihsm-fw/core/mmio/mmio_util.c.obj
                0x0000000020103c16                mmio_register_block_read32
 .text.mmio_register_block_write32
                0x0000000020103c4a       0x34 cmake/dc_scm_1sp/CMakeFiles/dc_scm_1sp.elf.dir/home/tselvam/oss-release/azihsm-fw/core/mmio/mmio_util.c.obj
                0x0000000020103c4a                mmio_register_block_write32
 .text.ecc_ecc_hw_alloc_key_context
                0x0000000020103c7e       0x4e cmake/dc_scm_1sp/CMakeFiles/dc_scm_1sp.elf.dir/home/tselvam/oss-release/azihsm-fw/core/crypto/ecc_ecc_hw.c.obj
 .text.ecc_ecc_hw_free_key_context
                0x0000000020103ccc       0x44 cmake/dc_scm_1sp/CMakeFiles/dc_scm_1sp.elf.dir/home/tselvam/oss-release/azihsm-fw/core/crypto/ecc_ecc_hw.c.obj
 .text.ecc_ecc_hw_init_key_contexts
                0x0000000020103d10      0x104 cmake/dc_scm_1sp/CMakeFiles/dc_scm_1sp.elf.dir/home/tselvam/oss-release/azihsm-fw/core/crypto/ecc_ecc_hw.c.obj
 .text.ecc_ecc_hw_init_key_pair
                0x0000000020103e14       0xce cmake/dc_scm_1sp/CMakeFiles/dc_scm_1sp.elf.dir/home/tselvam/oss-release/azihsm-fw/core/crypto/ecc_ecc_hw.c.obj
                0x0000000020103e14                ecc_ecc_hw_init_key_pair
 .text.ecc_ecc_hw_generate_key_pair
                0x0000000020103ee2       0xce cmake/dc_scm_1sp/CMakeFiles/dc_scm_1sp.elf.dir/home/tselvam/oss-release/azihsm-fw/core/crypto/ecc_ecc_hw.c.obj
                0x0000000020103ee2                ecc_ecc_hw_generate_key_pair
 .text.ecc_ecc_hw_get_signature_max_length
                0x0000000020103fb0       0x68 cmake/dc_scm_1sp/CMakeFiles/dc_scm_1sp.elf.dir/home/tselvam/oss-release/azihsm-fw/core/crypto/ecc_ecc_hw.c.obj
                0x0000000020103fb0                ecc_ecc_hw_get_signature_max_length
 .text.ecc_ecc_hw_get_signature_max_verify_length
                0x0000000020104018       0x68 cmake/dc_scm_1sp/CMakeFiles/dc_scm_1sp.elf.dir/home/tselvam/oss-release/azihsm-fw/core/crypto/ecc_ecc_hw.c.obj
                0x0000000020104018                ecc_ecc_hw_get_signature_max_verify_length
 .text.ecc_ecc_hw_get_private_key_der
                0x0000000020104080      0x112 cmake/dc_scm_1sp/CMakeFiles/dc_scm_1sp.elf.dir/home/tselvam/oss-release/azihsm-fw/core/crypto/ecc_ecc_hw.c.obj
                0x0000000020104080                ecc_ecc_hw_get_private_key_der
 .text.ecc_ecc_hw_sign
                0x0000000020104192      0x12e cmake/dc_scm_1sp/CMakeFiles/dc_scm_1sp.elf.dir/home/tselvam/oss-release/azihsm-fw/core/crypto/ecc_ecc_hw.c.obj
                0x0000000020104192                ecc_ecc_hw_sign
 .text.ecc_ecc_hw_verify
                0x00000000201042c0      0x102 cmake/dc_scm_1sp/CMakeFiles/dc_scm_1sp.elf.dir/home/tselvam/oss-release/azihsm-fw/core/crypto/ecc_ecc_hw.c.obj
                0x00000000201042c0                ecc_ecc_hw_verify
 .text.ecc_ecc_hw_generate_derived_key_pair
                0x00000000201043c2       0x68 cmake/dc_scm_1sp/CMakeFiles/dc_scm_1sp.elf.dir/home/tselvam/oss-release/azihsm-fw/core/crypto/ecc_ecc_hw.c.obj
                0x00000000201043c2                ecc_ecc_hw_generate_derived_key_pair
 .text.ecc_ecc_hw_release_key_pair
                0x000000002010442a       0x58 cmake/dc_scm_1sp/CMakeFiles/dc_scm_1sp.elf.dir/home/tselvam/oss-release/azihsm-fw/core/crypto/ecc_ecc_hw.c.obj
                0x000000002010442a                ecc_ecc_hw_release_key_pair
 .text.ecc_ecc_hw_init_public_key
                0x0000000020104482      0x112 cmake/dc_scm_1sp/CMakeFiles/dc_scm_1sp.elf.dir/home/tselvam/oss-release/azihsm-fw/core/crypto/ecc_ecc_hw.c.obj
                0x0000000020104482                ecc_ecc_hw_init_public_key
 .text.ecc_ecc_hw_get_public_key_der
                0x0000000020104594       0xb8 cmake/dc_scm_1sp/CMakeFiles/dc_scm_1sp.elf.dir/home/tselvam/oss-release/azihsm-fw/core/crypto/ecc_ecc_hw.c.obj
                0x0000000020104594                ecc_ecc_hw_get_public_key_der
 .text.ecdsa_sign_hash_and_finish_with_key
                0x000000002010464c       0xea cmake/dc_scm_1sp/CMakeFiles/dc_scm_1sp.elf.dir/home/tselvam/oss-release/azihsm-fw/core/crypto/ecdsa.c.obj
                0x000000002010464c                ecdsa_sign_hash_and_finish_with_key
 .text.ecdsa_sign_message_with_key
                0x0000000020104736       0xd6 cmake/dc_scm_1sp/CMakeFiles/dc_scm_1sp.elf.dir/home/tselvam/oss-release/azihsm-fw/core/crypto/ecdsa.c.obj
                0x0000000020104736                ecdsa_sign_message_with_key
 .text.ecdsa_sign_message
                0x000000002010480c       0xa4 cmake/dc_scm_1sp/CMakeFiles/dc_scm_1sp.elf.dir/home/tselvam/oss-release/azihsm-fw/core/crypto/ecdsa.c.obj
                0x000000002010480c                ecdsa_sign_message
 .text.ecdsa_verify_message
                0x00000000201048b0       0x8c cmake/dc_scm_1sp/CMakeFiles/dc_scm_1sp.elf.dir/home/tselvam/oss-release/azihsm-fw/core/crypto/ecdsa.c.obj
                0x00000000201048b0                ecdsa_verify_message
 .text.ecdsa_ecc_hw_sign_hash
                0x000000002010493c       0xca cmake/dc_scm_1sp/CMakeFiles/dc_scm_1sp.elf.dir/home/tselvam/oss-release/azihsm-fw/core/crypto/ecdsa.c.obj
                0x000000002010493c                ecdsa_ecc_hw_sign_hash
 .text.ecdsa_ecc_hw_sign_hash_and_finish
                0x0000000020104a06       0xee cmake/dc_scm_1sp/CMakeFiles/dc_scm_1sp.elf.dir/home/tselvam/oss-release/azihsm-fw/core/crypto/ecdsa.c.obj
                0x0000000020104a06                ecdsa_ecc_hw_sign_hash_and_finish
 .text.ecdsa_ecc_hw_sign_message
                0x0000000020104af4       0xd6 cmake/dc_scm_1sp/CMakeFiles/dc_scm_1sp.elf.dir/home/tselvam/oss-release/azihsm-fw/core/crypto/ecdsa.c.obj
                0x0000000020104af4                ecdsa_ecc_hw_sign_message
 .text.ecdsa_ecc_hw_verify_hash_and_finish
                0x0000000020104bca       0xda cmake/dc_scm_1sp/CMakeFiles/dc_scm_1sp.elf.dir/home/tselvam/oss-release/azihsm-fw/core/crypto/ecdsa.c.obj
                0x0000000020104bca                ecdsa_ecc_hw_verify_hash_and_finish
 .text.ecdsa_ecc_hw_verify_message
                0x0000000020104ca4       0xc4 cmake/dc_scm_1sp/CMakeFiles/dc_scm_1sp.elf.dir/home/tselvam/oss-release/azihsm-fw/core/crypto/ecdsa.c.obj
                0x0000000020104ca4                ecdsa_ecc_hw_verify_message
 .text.hash_start_new_hash
                0x0000000020104d68       0x82 cmake/dc_scm_1sp/CMakeFiles/dc_scm_1sp.elf.dir/home/tselvam/oss-release/azihsm-fw/core/crypto/hash.c.obj
                0x0000000020104d68                hash_start_new_hash
 .text.hash_calculate
                0x0000000020104dea       0x84 cmake/dc_scm_1sp/CMakeFiles/dc_scm_1sp.elf.dir/home/tselvam/oss-release/azihsm-fw/core/crypto/hash.c.obj
                0x0000000020104dea                hash_calculate
 .text.hash_get_type_from_active
                0x0000000020104e6e       0x30 cmake/dc_scm_1sp/CMakeFiles/dc_scm_1sp.elf.dir/home/tselvam/oss-release/azihsm-fw/core/crypto/hash.c.obj
                0x0000000020104e6e                hash_get_type_from_active
 .text.hash_get_hash_length
                0x0000000020104e9e       0x46 cmake/dc_scm_1sp/CMakeFiles/dc_scm_1sp.elf.dir/home/tselvam/oss-release/azihsm-fw/core/crypto/hash.c.obj
                0x0000000020104e9e                hash_get_hash_length
 .text.hash_get_active_hash_length
                0x0000000020104ee4       0x4a cmake/dc_scm_1sp/CMakeFiles/dc_scm_1sp.elf.dir/home/tselvam/oss-release/azihsm-fw/core/crypto/hash.c.obj
                0x0000000020104ee4                hash_get_active_hash_length
 .text.signature_verification_verify_digest
                0x0000000020104f2e       0x90 cmake/dc_scm_1sp/CMakeFiles/dc_scm_1sp.elf.dir/home/tselvam/oss-release/azihsm-fw/core/crypto/signature_verification.c.obj
 .text.signature_verification_verify_hash_and_finish_save_digest
                0x0000000020104fbe      0x104 cmake/dc_scm_1sp/CMakeFiles/dc_scm_1sp.elf.dir/home/tselvam/oss-release/azihsm-fw/core/crypto/signature_verification.c.obj
                0x0000000020104fbe                signature_verification_verify_hash_and_finish_save_digest
 .text.signature_verification_verify_hash_and_finish
                0x00000000201050c2       0x84 cmake/dc_scm_1sp/CMakeFiles/dc_scm_1sp.elf.dir/home/tselvam/oss-release/azihsm-fw/core/crypto/signature_verification.c.obj
                0x00000000201050c2                signature_verification_verify_hash_and_finish
 .text.signature_verification_verify_message
                0x0000000020105146       0xd8 cmake/dc_scm_1sp/CMakeFiles/dc_scm_1sp.elf.dir/home/tselvam/oss-release/azihsm-fw/core/crypto/signature_verification.c.obj
                0x0000000020105146                signature_verification_verify_message
 .text.signature_verification_ecc_verify_signature
                0x000000002010521e       0x70 cmake/dc_scm_1sp/CMakeFiles/dc_scm_1sp.elf.dir/home/tselvam/oss-release/azihsm-fw/core/crypto/signature_verification_ecc.c.obj
                0x000000002010521e                signature_verification_ecc_verify_signature
 .text.signature_verification_ecc_get_max_signature_length
                0x000000002010528e       0x6a cmake/dc_scm_1sp/CMakeFiles/dc_scm_1sp.elf.dir/home/tselvam/oss-release/azihsm-fw/core/crypto/signature_verification_ecc.c.obj
                0x000000002010528e                signature_verification_ecc_get_max_signature_length
 .text.signature_verification_ecc_load_key
                0x00000000201052f8       0x7a cmake/dc_scm_1sp/CMakeFiles/dc_scm_1sp.elf.dir/home/tselvam/oss-release/azihsm-fw/core/crypto/signature_verification_ecc.c.obj
 .text.signature_verification_ecc_set_verification_key
                0x0000000020105372       0x8c cmake/dc_scm_1sp/CMakeFiles/dc_scm_1sp.elf.dir/home/tselvam/oss-release/azihsm-fw/core/crypto/signature_verification_ecc.c.obj
                0x0000000020105372                signature_verification_ecc_set_verification_key
 .text.signature_verification_ecc_is_key_valid
                0x00000000201053fe       0x62 cmake/dc_scm_1sp/CMakeFiles/dc_scm_1sp.elf.dir/home/tselvam/oss-release/azihsm-fw/core/crypto/signature_verification_ecc.c.obj
                0x00000000201053fe                signature_verification_ecc_is_key_valid
 .text.signature_verification_ecc_init_api
                0x0000000020105460       0x8e cmake/dc_scm_1sp/CMakeFiles/dc_scm_1sp.elf.dir/home/tselvam/oss-release/azihsm-fw/core/crypto/signature_verification_ecc.c.obj
                0x0000000020105460                signature_verification_ecc_init_api
 .text.signature_verification_ecc_init_state
                0x00000000201054ee       0x80 cmake/dc_scm_1sp/CMakeFiles/dc_scm_1sp.elf.dir/home/tselvam/oss-release/azihsm-fw/core/crypto/signature_verification_ecc.c.obj
                0x00000000201054ee                signature_verification_ecc_init_state
 .text.signature_verification_ecc_init
                0x000000002010556e       0x64 cmake/dc_scm_1sp/CMakeFiles/dc_scm_1sp.elf.dir/home/tselvam/oss-release/azihsm-fw/core/crypto/signature_verification_ecc.c.obj
                0x000000002010556e                signature_verification_ecc_init
 .text.signature_verification_ecc_release
                0x00000000201055d2       0x48 cmake/dc_scm_1sp/CMakeFiles/dc_scm_1sp.elf.dir/home/tselvam/oss-release/azihsm-fw/core/crypto/signature_verification_ecc.c.obj
                0x00000000201055d2                signature_verification_ecc_release
 .text.ecdsa_kat_rng_generate_random_buffer
                0x000000002010561a       0x40 cmake/dc_scm_1sp/CMakeFiles/dc_scm_1sp.elf.dir/home/tselvam/oss-release/azihsm-fw/core/crypto/kat/ecdsa_kat.c.obj
 .text.ecdsa_kat_run_self_test_verify_p384_sha384
                0x000000002010565a       0x7a cmake/dc_scm_1sp/CMakeFiles/dc_scm_1sp.elf.dir/home/tselvam/oss-release/azihsm-fw/core/crypto/kat/ecdsa_kat.c.obj
                0x000000002010565a                ecdsa_kat_run_self_test_verify_p384_sha384
 .text.ecdsa_kat_run_self_test_ecc_hw_sign_p384_sha384
                0x00000000201056d4       0xea cmake/dc_scm_1sp/CMakeFiles/dc_scm_1sp.elf.dir/home/tselvam/oss-release/azihsm-fw/core/crypto/kat/ecdsa_kat.c.obj
                0x00000000201056d4                ecdsa_kat_run_self_test_ecc_hw_sign_p384_sha384
 .text.ecdsa_kat_run_self_test_ecc_hw_verify_p384_sha384
                0x00000000201057be       0x68 cmake/dc_scm_1sp/CMakeFiles/dc_scm_1sp.elf.dir/home/tselvam/oss-release/azihsm-fw/core/crypto/kat/ecdsa_kat.c.obj
                0x00000000201057be                ecdsa_kat_run_self_test_ecc_hw_verify_p384_sha384
 .text.firmware_component_start_component_hash
                0x0000000020105826       0xae cmake/dc_scm_1sp/CMakeFiles/dc_scm_1sp.elf.dir/home/tselvam/oss-release/azihsm-fw/core/firmware/firmware_component.c.obj
 .text.firmware_component_init
                0x00000000201058d4       0xb6 cmake/dc_scm_1sp/CMakeFiles/dc_scm_1sp.elf.dir/home/tselvam/oss-release/azihsm-fw/core/firmware/firmware_component.c.obj
                0x00000000201058d4                firmware_component_init
 .text.firmware_component_init_with_header
                0x000000002010598a       0x50 cmake/dc_scm_1sp/CMakeFiles/dc_scm_1sp.elf.dir/home/tselvam/oss-release/azihsm-fw/core/firmware/firmware_component.c.obj
                0x000000002010598a                firmware_component_init_with_header
 .text.firmware_component_release
                0x00000000201059da       0x3a cmake/dc_scm_1sp/CMakeFiles/dc_scm_1sp.elf.dir/home/tselvam/oss-release/azihsm-fw/core/firmware/firmware_component.c.obj
                0x00000000201059da                firmware_component_release
 .text.firmware_component_load
                0x0000000020105a14       0xb0 cmake/dc_scm_1sp/CMakeFiles/dc_scm_1sp.elf.dir/home/tselvam/oss-release/azihsm-fw/core/firmware/firmware_component.c.obj
                0x0000000020105a14                firmware_component_load
 .text.firmware_component_get_signature
                0x0000000020105ac4       0x96 cmake/dc_scm_1sp/CMakeFiles/dc_scm_1sp.elf.dir/home/tselvam/oss-release/azihsm-fw/core/firmware/firmware_component.c.obj
                0x0000000020105ac4                firmware_component_get_signature
 .text.firmware_component_get_hash_type
                0x0000000020105b5a       0x38 cmake/dc_scm_1sp/CMakeFiles/dc_scm_1sp.elf.dir/home/tselvam/oss-release/azihsm-fw/core/firmware/firmware_component.c.obj
                0x0000000020105b5a                firmware_component_get_hash_type
 .text.firmware_component_get_load_address
                0x0000000020105b92       0x70 cmake/dc_scm_1sp/CMakeFiles/dc_scm_1sp.elf.dir/home/tselvam/oss-release/azihsm-fw/core/firmware/firmware_component.c.obj
                0x0000000020105b92                firmware_component_get_load_address
 .text.firmware_component_get_build_version
                0x0000000020105c02       0x36 cmake/dc_scm_1sp/CMakeFiles/dc_scm_1sp.elf.dir/home/tselvam/oss-release/azihsm-fw/core/firmware/firmware_component.c.obj
                0x0000000020105c02                firmware_component_get_build_version
 .text.firmware_component_prepare_for_verification
                0x0000000020105c38      0x16c cmake/dc_scm_1sp/CMakeFiles/dc_scm_1sp.elf.dir/home/tselvam/oss-release/azihsm-fw/core/firmware/firmware_component.c.obj
 .text.firmware_component_verification
                0x0000000020105da4       0xc4 cmake/dc_scm_1sp/CMakeFiles/dc_scm_1sp.elf.dir/home/tselvam/oss-release/azihsm-fw/core/firmware/firmware_component.c.obj
                0x0000000020105da4                firmware_component_verification
 .text.firmware_component_load_and_verify_with_header
                0x0000000020105e68      0x1b2 cmake/dc_scm_1sp/CMakeFiles/dc_scm_1sp.elf.dir/home/tselvam/oss-release/azihsm-fw/core/firmware/firmware_component.c.obj
                0x0000000020105e68                firmware_component_load_and_verify_with_header
 .text.firmware_component_load_to_memory_and_verify_with_header
                0x000000002010601a      0x20a cmake/dc_scm_1sp/CMakeFiles/dc_scm_1sp.elf.dir/home/tselvam/oss-release/azihsm-fw/core/firmware/firmware_component.c.obj
                0x000000002010601a                firmware_component_load_to_memory_and_verify_with_header
 .text.firmware_component_load_to_memory_and_verify
                0x0000000020106224       0x48 cmake/dc_scm_1sp/CMakeFiles/dc_scm_1sp.elf.dir/home/tselvam/oss-release/azihsm-fw/core/firmware/firmware_component.c.obj
                0x0000000020106224                firmware_component_load_to_memory_and_verify
 .text.firmware_component_get_length
                0x000000002010626c       0x4c cmake/dc_scm_1sp/CMakeFiles/dc_scm_1sp.elf.dir/home/tselvam/oss-release/azihsm-fw/core/firmware/firmware_component.c.obj
                0x000000002010626c                firmware_component_get_length
 .text.firmware_component_get_total_length
                0x00000000201062b8       0x64 cmake/dc_scm_1sp/CMakeFiles/dc_scm_1sp.elf.dir/home/tselvam/oss-release/azihsm-fw/core/firmware/firmware_component.c.obj
                0x00000000201062b8                firmware_component_get_total_length
 .text.firmware_component_get_image_end
                0x000000002010631c       0x44 cmake/dc_scm_1sp/CMakeFiles/dc_scm_1sp.elf.dir/home/tselvam/oss-release/azihsm-fw/core/firmware/firmware_component.c.obj
                0x000000002010631c                firmware_component_get_image_end
 .text.firmware_header_init
                0x0000000020106360       0xc2 cmake/dc_scm_1sp/CMakeFiles/dc_scm_1sp.elf.dir/home/tselvam/oss-release/azihsm-fw/core/firmware/firmware_header.c.obj
                0x0000000020106360                firmware_header_init
 .text.firmware_header_release
                0x0000000020106422       0x38 cmake/dc_scm_1sp/CMakeFiles/dc_scm_1sp.elf.dir/home/tselvam/oss-release/azihsm-fw/core/firmware/firmware_header.c.obj
                0x0000000020106422                firmware_header_release
 .text.firmware_header_get_recovery_revision
                0x000000002010645a       0x48 cmake/dc_scm_1sp/CMakeFiles/dc_scm_1sp.elf.dir/home/tselvam/oss-release/azihsm-fw/core/firmware/firmware_header.c.obj
                0x000000002010645a                firmware_header_get_recovery_revision
 .text.firmware_header_get_extra_images
                0x00000000201064a2       0x48 cmake/dc_scm_1sp/CMakeFiles/dc_scm_1sp.elf.dir/home/tselvam/oss-release/azihsm-fw/core/firmware/firmware_header.c.obj
                0x00000000201064a2                firmware_header_get_extra_images
 .text.firmware_header_get_earliest_allowed_revision
                0x00000000201064ea       0x5c cmake/dc_scm_1sp/CMakeFiles/dc_scm_1sp.elf.dir/home/tselvam/oss-release/azihsm-fw/core/firmware/firmware_header.c.obj
                0x00000000201064ea                firmware_header_get_earliest_allowed_revision
 .text.firmware_header_get_signature_info
                0x0000000020106546       0x7c cmake/dc_scm_1sp/CMakeFiles/dc_scm_1sp.elf.dir/home/tselvam/oss-release/azihsm-fw/core/firmware/firmware_header.c.obj
                0x0000000020106546                firmware_header_get_signature_info
 .text.flash_int_to_address
                0x00000000201065c2       0x72 cmake/dc_scm_1sp/CMakeFiles/dc_scm_1sp.elf.dir/home/tselvam/oss-release/azihsm-fw/core/flash/flash_common.c.obj
                0x00000000201065c2                flash_int_to_address
 .text.flash_store_contiguous_blocks_has_data_stored
                0x0000000020106634       0x60 cmake/dc_scm_1sp/CMakeFiles/dc_scm_1sp.elf.dir/home/tselvam/oss-release/azihsm-fw/core/flash/flash_store_contiguous_blocks.c.obj
                0x0000000020106634                flash_store_contiguous_blocks_has_data_stored
 .text.flash_store_contiguous_blocks_get_max_data_length
                0x0000000020106694       0x3a cmake/dc_scm_1sp/CMakeFiles/dc_scm_1sp.elf.dir/home/tselvam/oss-release/azihsm-fw/core/flash/flash_store_contiguous_blocks.c.obj
                0x0000000020106694                flash_store_contiguous_blocks_get_max_data_length
 .text.flash_store_contiguous_blocks_get_flash_size
                0x00000000201066ce       0x3e cmake/dc_scm_1sp/CMakeFiles/dc_scm_1sp.elf.dir/home/tselvam/oss-release/azihsm-fw/core/flash/flash_store_contiguous_blocks.c.obj
                0x00000000201066ce                flash_store_contiguous_blocks_get_flash_size
 .text.flash_store_contiguous_blocks_get_num_blocks
                0x000000002010670c       0x34 cmake/dc_scm_1sp/CMakeFiles/dc_scm_1sp.elf.dir/home/tselvam/oss-release/azihsm-fw/core/flash/flash_store_contiguous_blocks.c.obj
                0x000000002010670c                flash_store_contiguous_blocks_get_num_blocks
 .text.flash_store_contiguous_blocks_erase
                0x0000000020106740       0x72 cmake/dc_scm_1sp/CMakeFiles/dc_scm_1sp.elf.dir/home/tselvam/oss-release/azihsm-fw/core/flash/flash_store_contiguous_blocks.c.obj
                0x0000000020106740                flash_store_contiguous_blocks_erase
 .text.flash_store_contiguous_blocks_erase_all
                0x00000000201067b2       0x68 cmake/dc_scm_1sp/CMakeFiles/dc_scm_1sp.elf.dir/home/tselvam/oss-release/azihsm-fw/core/flash/flash_store_contiguous_blocks.c.obj
                0x00000000201067b2                flash_store_contiguous_blocks_erase_all
 .text.flash_store_contiguous_blocks_read_header
                0x000000002010681a       0x94 cmake/dc_scm_1sp/CMakeFiles/dc_scm_1sp.elf.dir/home/tselvam/oss-release/azihsm-fw/core/flash/flash_store_contiguous_blocks.c.obj
 .text.flash_store_contiguous_blocks_get_data_length
                0x00000000201068ae       0x78 cmake/dc_scm_1sp/CMakeFiles/dc_scm_1sp.elf.dir/home/tselvam/oss-release/azihsm-fw/core/flash/flash_store_contiguous_blocks.c.obj
                0x00000000201068ae                flash_store_contiguous_blocks_get_data_length
 .text.flash_store_contiguous_blocks_verify_write_params
                0x0000000020106926       0x6c cmake/dc_scm_1sp/CMakeFiles/dc_scm_1sp.elf.dir/home/tselvam/oss-release/azihsm-fw/core/flash/flash_store_contiguous_blocks.c.obj
                0x0000000020106926                flash_store_contiguous_blocks_verify_write_params
 .text.flash_store_contiguous_blocks_write_common
                0x0000000020106992       0xfc cmake/dc_scm_1sp/CMakeFiles/dc_scm_1sp.elf.dir/home/tselvam/oss-release/azihsm-fw/core/flash/flash_store_contiguous_blocks.c.obj
                0x0000000020106992                flash_store_contiguous_blocks_write_common
 .text.flash_store_contiguous_blocks_write_with_hash
                0x0000000020106a8e       0x74 cmake/dc_scm_1sp/CMakeFiles/dc_scm_1sp.elf.dir/home/tselvam/oss-release/azihsm-fw/core/flash/flash_store_contiguous_blocks.c.obj
                0x0000000020106a8e                flash_store_contiguous_blocks_write_with_hash
 .text.flash_store_contiguous_blocks_read_common
                0x0000000020106b02      0x122 cmake/dc_scm_1sp/CMakeFiles/dc_scm_1sp.elf.dir/home/tselvam/oss-release/azihsm-fw/core/flash/flash_store_contiguous_blocks.c.obj
                0x0000000020106b02                flash_store_contiguous_blocks_read_common
 .text.flash_store_contiguous_blocks_read_with_hash
                0x0000000020106c24       0x80 cmake/dc_scm_1sp/CMakeFiles/dc_scm_1sp.elf.dir/home/tselvam/oss-release/azihsm-fw/core/flash/flash_store_contiguous_blocks.c.obj
                0x0000000020106c24                flash_store_contiguous_blocks_read_with_hash
 .text.flash_store_contiguous_blocks_init_state_common
                0x0000000020106ca4      0x118 cmake/dc_scm_1sp/CMakeFiles/dc_scm_1sp.elf.dir/home/tselvam/oss-release/azihsm-fw/core/flash/flash_store_contiguous_blocks.c.obj
                0x0000000020106ca4                flash_store_contiguous_blocks_init_state_common
 .text.flash_store_contiguous_blocks_init_state
                0x0000000020106dbc       0x5c cmake/dc_scm_1sp/CMakeFiles/dc_scm_1sp.elf.dir/home/tselvam/oss-release/azihsm-fw/core/flash/flash_store_contiguous_blocks.c.obj
                0x0000000020106dbc                flash_store_contiguous_blocks_init_state
 .text.flash_erase_region_ext
                0x0000000020106e18       0x76 cmake/dc_scm_1sp/CMakeFiles/dc_scm_1sp.elf.dir/home/tselvam/oss-release/azihsm-fw/core/flash/flash_util.c.obj
 .text.flash_sector_erase_region
                0x0000000020106e8e       0x4a cmake/dc_scm_1sp/CMakeFiles/dc_scm_1sp.elf.dir/home/tselvam/oss-release/azihsm-fw/core/flash/flash_util.c.obj
                0x0000000020106e8e                flash_sector_erase_region
 .text.flash_check_region_for_data
                0x0000000020106ed8       0xe0 cmake/dc_scm_1sp/CMakeFiles/dc_scm_1sp.elf.dir/home/tselvam/oss-release/azihsm-fw/core/flash/flash_util.c.obj
 .text.flash_program_data_ext
                0x0000000020106fb8       0x8a cmake/dc_scm_1sp/CMakeFiles/dc_scm_1sp.elf.dir/home/tselvam/oss-release/azihsm-fw/core/flash/flash_util.c.obj
 .text.flash_hash_update_noncontiguous_contents_at_offset
                0x0000000020107042       0xee cmake/dc_scm_1sp/CMakeFiles/dc_scm_1sp.elf.dir/home/tselvam/oss-release/azihsm-fw/core/flash/flash_util.c.obj
                0x0000000020107042                flash_hash_update_noncontiguous_contents_at_offset
 .text.flash_noncontiguous_contents_verification_at_offset
                0x0000000020107130      0x12a cmake/dc_scm_1sp/CMakeFiles/dc_scm_1sp.elf.dir/home/tselvam/oss-release/azihsm-fw/core/flash/flash_util.c.obj
                0x0000000020107130                flash_noncontiguous_contents_verification_at_offset
 .text.flash_noncontiguous_contents_verification
                0x000000002010725a       0x4a cmake/dc_scm_1sp/CMakeFiles/dc_scm_1sp.elf.dir/home/tselvam/oss-release/azihsm-fw/core/flash/flash_util.c.obj
                0x000000002010725a                flash_noncontiguous_contents_verification
 .text.flash_contents_verification
                0x00000000201072a4       0x50 cmake/dc_scm_1sp/CMakeFiles/dc_scm_1sp.elf.dir/home/tselvam/oss-release/azihsm-fw/core/flash/flash_util.c.obj
                0x00000000201072a4                flash_contents_verification
 .text.flash_hash_update_noncontiguous_contents
                0x00000000201072f4       0x34 cmake/dc_scm_1sp/CMakeFiles/dc_scm_1sp.elf.dir/home/tselvam/oss-release/azihsm-fw/core/flash/flash_util.c.obj
                0x00000000201072f4                flash_hash_update_noncontiguous_contents
 .text.flash_hash_update_contents
                0x0000000020107328       0x44 cmake/dc_scm_1sp/CMakeFiles/dc_scm_1sp.elf.dir/home/tselvam/oss-release/azihsm-fw/core/flash/flash_util.c.obj
                0x0000000020107328                flash_hash_update_contents
 .text.flash_blank_check
                0x000000002010736c       0x50 cmake/dc_scm_1sp/CMakeFiles/dc_scm_1sp.elf.dir/home/tselvam/oss-release/azihsm-fw/core/flash/flash_util.c.obj
                0x000000002010736c                flash_blank_check
 .text.flash_erase_region_and_verify_ext
                0x00000000201073bc       0x5e cmake/dc_scm_1sp/CMakeFiles/dc_scm_1sp.elf.dir/home/tselvam/oss-release/azihsm-fw/core/flash/flash_util.c.obj
 .text.flash_sector_erase_region_and_verify
                0x000000002010741a       0x34 cmake/dc_scm_1sp/CMakeFiles/dc_scm_1sp.elf.dir/home/tselvam/oss-release/azihsm-fw/core/flash/flash_util.c.obj
                0x000000002010741a                flash_sector_erase_region_and_verify
 .text.flash_verify_data
                0x000000002010744e       0x48 cmake/dc_scm_1sp/CMakeFiles/dc_scm_1sp.elf.dir/home/tselvam/oss-release/azihsm-fw/core/flash/flash_util.c.obj
                0x000000002010744e                flash_verify_data
 .text.flash_program_and_verify_ext
                0x0000000020107496       0x6e cmake/dc_scm_1sp/CMakeFiles/dc_scm_1sp.elf.dir/home/tselvam/oss-release/azihsm-fw/core/flash/flash_util.c.obj
 .text.flash_write_and_verify
                0x0000000020107504       0x2e cmake/dc_scm_1sp/CMakeFiles/dc_scm_1sp.elf.dir/home/tselvam/oss-release/azihsm-fw/core/flash/flash_util.c.obj
                0x0000000020107504                flash_write_and_verify
 .text.spi_flash_is_wip_set
                0x0000000020107532       0x7a cmake/dc_scm_1sp/CMakeFiles/dc_scm_1sp.elf.dir/home/tselvam/oss-release/azihsm-fw/core/flash/spi_flash.c.obj
 .text.spi_flash_wait_for_write_completion
                0x00000000201075ac       0x94 cmake/dc_scm_1sp/CMakeFiles/dc_scm_1sp.elf.dir/home/tselvam/oss-release/azihsm-fw/core/flash/spi_flash.c.obj
 .text.spi_flash_simple_command.isra.0
                0x0000000020107640       0x48 cmake/dc_scm_1sp/CMakeFiles/dc_scm_1sp.elf.dir/home/tselvam/oss-release/azihsm-fw/core/flash/spi_flash.c.obj
 .text.spi_flash_write_register_with_4byte_address.constprop.0
                0x0000000020107688       0x9c cmake/dc_scm_1sp/CMakeFiles/dc_scm_1sp.elf.dir/home/tselvam/oss-release/azihsm-fw/core/flash/spi_flash.c.obj
 .text.spi_flash_execute_reset_device
                0x0000000020107724       0x7e cmake/dc_scm_1sp/CMakeFiles/dc_scm_1sp.elf.dir/home/tselvam/oss-release/azihsm-fw/core/flash/spi_flash.c.obj
 .text.spi_flash_set_write_erase_commands.isra.0
                0x00000000201077a2       0x58 cmake/dc_scm_1sp/CMakeFiles/dc_scm_1sp.elf.dir/home/tselvam/oss-release/azihsm-fw/core/flash/spi_flash.c.obj
 .text.spi_flash_write_register
                0x00000000201077fa       0xa8 cmake/dc_scm_1sp/CMakeFiles/dc_scm_1sp.elf.dir/home/tselvam/oss-release/azihsm-fw/core/flash/spi_flash.c.obj
 .text.spi_flash_erase_region
                0x00000000201078a2       0xb2 cmake/dc_scm_1sp/CMakeFiles/dc_scm_1sp.elf.dir/home/tselvam/oss-release/azihsm-fw/core/flash/spi_flash.c.obj
 .text.spi_flash_init_state
                0x0000000020107954       0x98 cmake/dc_scm_1sp/CMakeFiles/dc_scm_1sp.elf.dir/home/tselvam/oss-release/azihsm-fw/core/flash/spi_flash.c.obj
                0x0000000020107954                spi_flash_init_state
 .text.spi_flash_init_state_fast_read
                0x00000000201079ec       0x4a cmake/dc_scm_1sp/CMakeFiles/dc_scm_1sp.elf.dir/home/tselvam/oss-release/azihsm-fw/core/flash/spi_flash.c.obj
                0x00000000201079ec                spi_flash_init_state_fast_read
 .text.spi_flash_discover_device_properties
                0x0000000020107a36      0x2a8 cmake/dc_scm_1sp/CMakeFiles/dc_scm_1sp.elf.dir/home/tselvam/oss-release/azihsm-fw/core/flash/spi_flash.c.obj
                0x0000000020107a36                spi_flash_discover_device_properties
 .text.spi_flash_get_device_id
                0x0000000020107cde       0xba cmake/dc_scm_1sp/CMakeFiles/dc_scm_1sp.elf.dir/home/tselvam/oss-release/azihsm-fw/core/flash/spi_flash.c.obj
                0x0000000020107cde                spi_flash_get_device_id
 .text.spi_flash_get_device_size
                0x0000000020107d98       0x3c cmake/dc_scm_1sp/CMakeFiles/dc_scm_1sp.elf.dir/home/tselvam/oss-release/azihsm-fw/core/flash/spi_flash.c.obj
                0x0000000020107d98                spi_flash_get_device_size
 .text.spi_flash_flash_api_get_device_size
                0x0000000020107dd4       0x46 cmake/dc_scm_1sp/CMakeFiles/dc_scm_1sp.elf.dir/home/tselvam/oss-release/azihsm-fw/core/flash/spi_flash.c.obj
                0x0000000020107dd4                spi_flash_flash_api_get_device_size
 .text.spi_flash_clear_block_protect
                0x0000000020107e1a      0x246 cmake/dc_scm_1sp/CMakeFiles/dc_scm_1sp.elf.dir/home/tselvam/oss-release/azihsm-fw/core/flash/spi_flash.c.obj
                0x0000000020107e1a                spi_flash_clear_block_protect
 .text.spi_flash_deep_power_down
                0x0000000020108060       0x78 cmake/dc_scm_1sp/CMakeFiles/dc_scm_1sp.elf.dir/home/tselvam/oss-release/azihsm-fw/core/flash/spi_flash.c.obj
                0x0000000020108060                spi_flash_deep_power_down
 .text.spi_flash_is_4byte_address_mode_on_reset
                0x00000000201080d8      0x10e cmake/dc_scm_1sp/CMakeFiles/dc_scm_1sp.elf.dir/home/tselvam/oss-release/azihsm-fw/core/flash/spi_flash.c.obj
                0x00000000201080d8                spi_flash_is_4byte_address_mode_on_reset
 .text.spi_flash_reset_device
                0x00000000201081e6       0xb2 cmake/dc_scm_1sp/CMakeFiles/dc_scm_1sp.elf.dir/home/tselvam/oss-release/azihsm-fw/core/flash/spi_flash.c.obj
                0x00000000201081e6                spi_flash_reset_device
 .text.spi_flash_detect_4byte_address_mode
                0x0000000020108298       0xf4 cmake/dc_scm_1sp/CMakeFiles/dc_scm_1sp.elf.dir/home/tselvam/oss-release/azihsm-fw/core/flash/spi_flash.c.obj
                0x0000000020108298                spi_flash_detect_4byte_address_mode
 .text.spi_flash_enable_quad_spi
                0x000000002010838c      0x160 cmake/dc_scm_1sp/CMakeFiles/dc_scm_1sp.elf.dir/home/tselvam/oss-release/azihsm-fw/core/flash/spi_flash.c.obj
                0x000000002010838c                spi_flash_enable_quad_spi
 .text.spi_flash_configure_drive_strength
                0x00000000201084ec       0xf6 cmake/dc_scm_1sp/CMakeFiles/dc_scm_1sp.elf.dir/home/tselvam/oss-release/azihsm-fw/core/flash/spi_flash.c.obj
                0x00000000201084ec                spi_flash_configure_drive_strength
 .text.spi_flash_read
                0x00000000201085e2       0xbe cmake/dc_scm_1sp/CMakeFiles/dc_scm_1sp.elf.dir/home/tselvam/oss-release/azihsm-fw/core/flash/spi_flash.c.obj
                0x00000000201085e2                spi_flash_read
 .text.spi_flash_flash_api_read
                0x00000000201086a0       0x46 cmake/dc_scm_1sp/CMakeFiles/dc_scm_1sp.elf.dir/home/tselvam/oss-release/azihsm-fw/core/flash/spi_flash.c.obj
                0x00000000201086a0                spi_flash_flash_api_read
 .text.spi_flash_get_page_size
                0x00000000201086e6       0x3c cmake/dc_scm_1sp/CMakeFiles/dc_scm_1sp.elf.dir/home/tselvam/oss-release/azihsm-fw/core/flash/spi_flash.c.obj
                0x00000000201086e6                spi_flash_get_page_size
 .text.spi_flash_flash_api_get_page_size
                0x0000000020108722       0x46 cmake/dc_scm_1sp/CMakeFiles/dc_scm_1sp.elf.dir/home/tselvam/oss-release/azihsm-fw/core/flash/spi_flash.c.obj
                0x0000000020108722                spi_flash_flash_api_get_page_size
 .text.spi_flash_minimum_write_per_page
                0x0000000020108768       0x3a cmake/dc_scm_1sp/CMakeFiles/dc_scm_1sp.elf.dir/home/tselvam/oss-release/azihsm-fw/core/flash/spi_flash.c.obj
                0x0000000020108768                spi_flash_minimum_write_per_page
 .text.spi_flash_flash_api_minimum_write_per_page
                0x00000000201087a2       0x46 cmake/dc_scm_1sp/CMakeFiles/dc_scm_1sp.elf.dir/home/tselvam/oss-release/azihsm-fw/core/flash/spi_flash.c.obj
                0x00000000201087a2                spi_flash_flash_api_minimum_write_per_page
 .text.spi_flash_write
                0x00000000201087e8      0x146 cmake/dc_scm_1sp/CMakeFiles/dc_scm_1sp.elf.dir/home/tselvam/oss-release/azihsm-fw/core/flash/spi_flash.c.obj
                0x00000000201087e8                spi_flash_write
 .text.spi_flash_flash_api_write
                0x000000002010892e       0x46 cmake/dc_scm_1sp/CMakeFiles/dc_scm_1sp.elf.dir/home/tselvam/oss-release/azihsm-fw/core/flash/spi_flash.c.obj
                0x000000002010892e                spi_flash_flash_api_write
 .text.spi_flash_get_sector_size
                0x0000000020108974       0x3a cmake/dc_scm_1sp/CMakeFiles/dc_scm_1sp.elf.dir/home/tselvam/oss-release/azihsm-fw/core/flash/spi_flash.c.obj
                0x0000000020108974                spi_flash_get_sector_size
 .text.spi_flash_flash_api_get_sector_size
                0x00000000201089ae       0x46 cmake/dc_scm_1sp/CMakeFiles/dc_scm_1sp.elf.dir/home/tselvam/oss-release/azihsm-fw/core/flash/spi_flash.c.obj
                0x00000000201089ae                spi_flash_flash_api_get_sector_size
 .text.spi_flash_sector_erase
                0x00000000201089f4       0x54 cmake/dc_scm_1sp/CMakeFiles/dc_scm_1sp.elf.dir/home/tselvam/oss-release/azihsm-fw/core/flash/spi_flash.c.obj
                0x00000000201089f4                spi_flash_sector_erase
 .text.spi_flash_flash_api_sector_erase
                0x0000000020108a48       0x46 cmake/dc_scm_1sp/CMakeFiles/dc_scm_1sp.elf.dir/home/tselvam/oss-release/azihsm-fw/core/flash/spi_flash.c.obj
                0x0000000020108a48                spi_flash_flash_api_sector_erase
 .text.spi_flash_get_block_size
                0x0000000020108a8e       0x3a cmake/dc_scm_1sp/CMakeFiles/dc_scm_1sp.elf.dir/home/tselvam/oss-release/azihsm-fw/core/flash/spi_flash.c.obj
                0x0000000020108a8e                spi_flash_get_block_size
 .text.spi_flash_flash_api_get_block_size
                0x0000000020108ac8       0x46 cmake/dc_scm_1sp/CMakeFiles/dc_scm_1sp.elf.dir/home/tselvam/oss-release/azihsm-fw/core/flash/spi_flash.c.obj
                0x0000000020108ac8                spi_flash_flash_api_get_block_size
 .text.spi_flash_block_erase
                0x0000000020108b0e       0x54 cmake/dc_scm_1sp/CMakeFiles/dc_scm_1sp.elf.dir/home/tselvam/oss-release/azihsm-fw/core/flash/spi_flash.c.obj
                0x0000000020108b0e                spi_flash_block_erase
 .text.spi_flash_flash_api_block_erase
                0x0000000020108b62       0x46 cmake/dc_scm_1sp/CMakeFiles/dc_scm_1sp.elf.dir/home/tselvam/oss-release/azihsm-fw/core/flash/spi_flash.c.obj
                0x0000000020108b62                spi_flash_flash_api_block_erase
 .text.spi_flash_chip_erase
                0x0000000020108ba8       0x9a cmake/dc_scm_1sp/CMakeFiles/dc_scm_1sp.elf.dir/home/tselvam/oss-release/azihsm-fw/core/flash/spi_flash.c.obj
                0x0000000020108ba8                spi_flash_chip_erase
 .text.spi_flash_flash_api_chip_erase
                0x0000000020108c42       0x46 cmake/dc_scm_1sp/CMakeFiles/dc_scm_1sp.elf.dir/home/tselvam/oss-release/azihsm-fw/core/flash/spi_flash.c.obj
                0x0000000020108c42                spi_flash_flash_api_chip_erase
 .text.spi_flash_wait_for_write
                0x0000000020108c88       0x48 cmake/dc_scm_1sp/CMakeFiles/dc_scm_1sp.elf.dir/home/tselvam/oss-release/azihsm-fw/core/flash/spi_flash.c.obj
                0x0000000020108c88                spi_flash_wait_for_write
 .text.spi_flash_configure_device
                0x0000000020108cd0      0x150 cmake/dc_scm_1sp/CMakeFiles/dc_scm_1sp.elf.dir/home/tselvam/oss-release/azihsm-fw/core/flash/spi_flash.c.obj
 .text.spi_flash_initialize_device_state
                0x0000000020108e20       0x7a cmake/dc_scm_1sp/CMakeFiles/dc_scm_1sp.elf.dir/home/tselvam/oss-release/azihsm-fw/core/flash/spi_flash.c.obj
                0x0000000020108e20                spi_flash_initialize_device_state
 .text.spi_flash_sfdp_parse_read_command
                0x0000000020108e9a       0x6e cmake/dc_scm_1sp/CMakeFiles/dc_scm_1sp.elf.dir/home/tselvam/oss-release/azihsm-fw/core/flash/spi_flash_sfdp.c.obj
 .text.spi_flash_sfdp_init
                0x0000000020108f08      0x11a cmake/dc_scm_1sp/CMakeFiles/dc_scm_1sp.elf.dir/home/tselvam/oss-release/azihsm-fw/core/flash/spi_flash_sfdp.c.obj
                0x0000000020108f08                spi_flash_sfdp_init
 .text.spi_flash_sfdp_release
                0x0000000020109022       0x26 cmake/dc_scm_1sp/CMakeFiles/dc_scm_1sp.elf.dir/home/tselvam/oss-release/azihsm-fw/core/flash/spi_flash_sfdp.c.obj
                0x0000000020109022                spi_flash_sfdp_release
 .text.spi_flash_sfdp_basic_table_init
                0x0000000020109048       0x9e cmake/dc_scm_1sp/CMakeFiles/dc_scm_1sp.elf.dir/home/tselvam/oss-release/azihsm-fw/core/flash/spi_flash_sfdp.c.obj
                0x0000000020109048                spi_flash_sfdp_basic_table_init
 .text.spi_flash_sfdp_basic_table_release
                0x00000000201090e6       0x26 cmake/dc_scm_1sp/CMakeFiles/dc_scm_1sp.elf.dir/home/tselvam/oss-release/azihsm-fw/core/flash/spi_flash_sfdp.c.obj
                0x00000000201090e6                spi_flash_sfdp_basic_table_release
 .text.spi_flash_sfdp_get_device_capabilities
                0x000000002010910c       0xdc cmake/dc_scm_1sp/CMakeFiles/dc_scm_1sp.elf.dir/home/tselvam/oss-release/azihsm-fw/core/flash/spi_flash_sfdp.c.obj
                0x000000002010910c                spi_flash_sfdp_get_device_capabilities
 .text.spi_flash_sfdp_get_device_size
                0x00000000201091e8       0x78 cmake/dc_scm_1sp/CMakeFiles/dc_scm_1sp.elf.dir/home/tselvam/oss-release/azihsm-fw/core/flash/spi_flash_sfdp.c.obj
                0x00000000201091e8                spi_flash_sfdp_get_device_size
 .text.spi_flash_sfdp_get_read_commands
                0x0000000020109260      0x140 cmake/dc_scm_1sp/CMakeFiles/dc_scm_1sp.elf.dir/home/tselvam/oss-release/azihsm-fw/core/flash/spi_flash_sfdp.c.obj
                0x0000000020109260                spi_flash_sfdp_get_read_commands
 .text.spi_flash_sfdp_use_busy_flag_status
                0x00000000201093a0       0x44 cmake/dc_scm_1sp/CMakeFiles/dc_scm_1sp.elf.dir/home/tselvam/oss-release/azihsm-fw/core/flash/spi_flash_sfdp.c.obj
                0x00000000201093a0                spi_flash_sfdp_use_busy_flag_status
 .text.spi_flash_sfdp_use_volatile_write_enable
                0x00000000201093e4       0x44 cmake/dc_scm_1sp/CMakeFiles/dc_scm_1sp.elf.dir/home/tselvam/oss-release/azihsm-fw/core/flash/spi_flash_sfdp.c.obj
                0x00000000201093e4                spi_flash_sfdp_use_volatile_write_enable
 .text.spi_flash_sfdp_supports_4byte_commands
                0x0000000020109428       0x92 cmake/dc_scm_1sp/CMakeFiles/dc_scm_1sp.elf.dir/home/tselvam/oss-release/azihsm-fw/core/flash/spi_flash_sfdp.c.obj
                0x0000000020109428                spi_flash_sfdp_supports_4byte_commands
 .text.spi_flash_sfdp_get_4byte_mode_switch
                0x00000000201094ba       0xac cmake/dc_scm_1sp/CMakeFiles/dc_scm_1sp.elf.dir/home/tselvam/oss-release/azihsm-fw/core/flash/spi_flash_sfdp.c.obj
                0x00000000201094ba                spi_flash_sfdp_get_4byte_mode_switch
 .text.spi_flash_sfdp_exit_4byte_mode_on_reset
                0x0000000020109566       0x5e cmake/dc_scm_1sp/CMakeFiles/dc_scm_1sp.elf.dir/home/tselvam/oss-release/azihsm-fw/core/flash/spi_flash_sfdp.c.obj
                0x0000000020109566                spi_flash_sfdp_exit_4byte_mode_on_reset
 .text.spi_flash_sfdp_get_quad_enable
                0x00000000201095c4       0xf4 cmake/dc_scm_1sp/CMakeFiles/dc_scm_1sp.elf.dir/home/tselvam/oss-release/azihsm-fw/core/flash/spi_flash_sfdp.c.obj
                0x00000000201095c4                spi_flash_sfdp_get_quad_enable
 .text.spi_flash_sfdp_get_reset_command
                0x00000000201096b8       0x72 cmake/dc_scm_1sp/CMakeFiles/dc_scm_1sp.elf.dir/home/tselvam/oss-release/azihsm-fw/core/flash/spi_flash_sfdp.c.obj
                0x00000000201096b8                spi_flash_sfdp_get_reset_command
 .text.spi_flash_sfdp_get_deep_powerdown_commands
                0x000000002010972a       0xa0 cmake/dc_scm_1sp/CMakeFiles/dc_scm_1sp.elf.dir/home/tselvam/oss-release/azihsm-fw/core/flash/spi_flash_sfdp.c.obj
                0x000000002010972a                spi_flash_sfdp_get_deep_powerdown_commands
 .text.debug_log_create_entry
                0x00000000201097ca       0xda cmake/dc_scm_1sp/CMakeFiles/dc_scm_1sp.elf.dir/home/tselvam/oss-release/azihsm-fw/core/logging/debug_log.c.obj
                0x00000000201097ca                debug_log_create_entry
 .text.debug_log_flush
                0x00000000201098a4       0x4a cmake/dc_scm_1sp/CMakeFiles/dc_scm_1sp.elf.dir/home/tselvam/oss-release/azihsm-fw/core/logging/debug_log.c.obj
                0x00000000201098a4                debug_log_flush
 .text.logging_flash_get_size
                0x00000000201098ee       0x66 cmake/dc_scm_1sp/CMakeFiles/dc_scm_1sp.elf.dir/home/tselvam/oss-release/azihsm-fw/core/logging/logging_flash.c.obj
                0x00000000201098ee                logging_flash_get_size
 .text.logging_flash_write_header
                0x0000000020109954       0x8c cmake/dc_scm_1sp/CMakeFiles/dc_scm_1sp.elf.dir/home/tselvam/oss-release/azihsm-fw/core/logging/logging_flash.c.obj
 .text.logging_flash_save_buffer
                0x00000000201099e0      0x1ae cmake/dc_scm_1sp/CMakeFiles/dc_scm_1sp.elf.dir/home/tselvam/oss-release/azihsm-fw/core/logging/logging_flash.c.obj
 .text.logging_flash_create_entry
                0x0000000020109b8e       0xe2 cmake/dc_scm_1sp/CMakeFiles/dc_scm_1sp.elf.dir/home/tselvam/oss-release/azihsm-fw/core/logging/logging_flash.c.obj
                0x0000000020109b8e                logging_flash_create_entry
 .text.logging_flash_flush
                0x0000000020109c70       0x46 cmake/dc_scm_1sp/CMakeFiles/dc_scm_1sp.elf.dir/home/tselvam/oss-release/azihsm-fw/core/logging/logging_flash.c.obj
                0x0000000020109c70                logging_flash_flush
 .text.logging_flash_clear
                0x0000000020109cb6       0x8a cmake/dc_scm_1sp/CMakeFiles/dc_scm_1sp.elf.dir/home/tselvam/oss-release/azihsm-fw/core/logging/logging_flash.c.obj
                0x0000000020109cb6                logging_flash_clear
 .text.logging_flash_read_contents
                0x0000000020109d40      0x112 cmake/dc_scm_1sp/CMakeFiles/dc_scm_1sp.elf.dir/home/tselvam/oss-release/azihsm-fw/core/logging/logging_flash.c.obj
                0x0000000020109d40                logging_flash_read_contents
 .text.logging_flash_init_state
                0x0000000020109e52      0x1da cmake/dc_scm_1sp/CMakeFiles/dc_scm_1sp.elf.dir/home/tselvam/oss-release/azihsm-fw/core/logging/logging_flash.c.obj
                0x0000000020109e52                logging_flash_init_state
 .text.logging_memory_flush
                0x000000002010a02c       0x28 cmake/dc_scm_1sp/CMakeFiles/dc_scm_1sp.elf.dir/home/tselvam/oss-release/azihsm-fw/core/logging/logging_memory.c.obj
                0x000000002010a02c                logging_memory_flush
 .text.logging_memory_get_size
                0x000000002010a054       0x48 cmake/dc_scm_1sp/CMakeFiles/dc_scm_1sp.elf.dir/home/tselvam/oss-release/azihsm-fw/core/logging/logging_memory.c.obj
                0x000000002010a054                logging_memory_get_size
 .text.logging_memory_find_last_entry
                0x000000002010a09c       0xc6 cmake/dc_scm_1sp/CMakeFiles/dc_scm_1sp.elf.dir/home/tselvam/oss-release/azihsm-fw/core/logging/logging_memory.c.obj
 .text.logging_memory_clear
                0x000000002010a162       0x56 cmake/dc_scm_1sp/CMakeFiles/dc_scm_1sp.elf.dir/home/tselvam/oss-release/azihsm-fw/core/logging/logging_memory.c.obj
                0x000000002010a162                logging_memory_clear
 .text.logging_memory_read_contents
                0x000000002010a1b8       0x84 cmake/dc_scm_1sp/CMakeFiles/dc_scm_1sp.elf.dir/home/tselvam/oss-release/azihsm-fw/core/logging/logging_memory.c.obj
                0x000000002010a1b8                logging_memory_read_contents
 .text.logging_memory_create_entry
                0x000000002010a23c       0xea cmake/dc_scm_1sp/CMakeFiles/dc_scm_1sp.elf.dir/home/tselvam/oss-release/azihsm-fw/core/logging/logging_memory.c.obj
                0x000000002010a23c                logging_memory_create_entry
 .text.logging_memory_init_state
                0x000000002010a326       0x62 cmake/dc_scm_1sp/CMakeFiles/dc_scm_1sp.elf.dir/home/tselvam/oss-release/azihsm-fw/core/logging/logging_memory.c.obj
                0x000000002010a326                logging_memory_init_state
 .text.logging_memory_init_state_append_existing
                0x000000002010a388       0x4c cmake/dc_scm_1sp/CMakeFiles/dc_scm_1sp.elf.dir/home/tselvam/oss-release/azihsm-fw/core/logging/logging_memory.c.obj
                0x000000002010a388                logging_memory_init_state_append_existing
 .text.logging_memory_copy_entries
                0x000000002010a3d4       0xa4 cmake/dc_scm_1sp/CMakeFiles/dc_scm_1sp.elf.dir/home/tselvam/oss-release/azihsm-fw/core/logging/logging_memory.c.obj
                0x000000002010a3d4                logging_memory_copy_entries
 .text.riot_core_clear
                0x000000002010a478       0x2c cmake/dc_scm_1sp/CMakeFiles/dc_scm_1sp.elf.dir/home/tselvam/oss-release/azihsm-fw/core/riot/riot_core.c.obj
                0x000000002010a478                riot_core_clear
 .text.read_length
                0x000000002010a4a4       0xf2 cmake/dc_scm_1sp/CMakeFiles/dc_scm_1sp.elf.dir/home/tselvam/oss-release/azihsm-fw/core/riot/reference/RiotDerDec.c.obj
 .text.process_asn1_type
                0x000000002010a596       0x62 cmake/dc_scm_1sp/CMakeFiles/dc_scm_1sp.elf.dir/home/tselvam/oss-release/azihsm-fw/core/riot/reference/RiotDerDec.c.obj
 .text.process_asn1_explicit_type
                0x000000002010a5f8       0x6a cmake/dc_scm_1sp/CMakeFiles/dc_scm_1sp.elf.dir/home/tselvam/oss-release/azihsm-fw/core/riot/reference/RiotDerDec.c.obj
 .text.read_integer
                0x000000002010a662       0x50 cmake/dc_scm_1sp/CMakeFiles/dc_scm_1sp.elf.dir/home/tselvam/oss-release/azihsm-fw/core/riot/reference/RiotDerDec.c.obj
 .text.read_sequence
                0x000000002010a6b2       0x38 cmake/dc_scm_1sp/CMakeFiles/dc_scm_1sp.elf.dir/home/tselvam/oss-release/azihsm-fw/core/riot/reference/RiotDerDec.c.obj
 .text.read_cert_subject_name.constprop.0
                0x000000002010a6ea      0x1d6 cmake/dc_scm_1sp/CMakeFiles/dc_scm_1sp.elf.dir/home/tselvam/oss-release/azihsm-fw/core/riot/reference/RiotDerDec.c.obj
 .text.DERDECGetPubKey
                0x000000002010a8c0       0xb6 cmake/dc_scm_1sp/CMakeFiles/dc_scm_1sp.elf.dir/home/tselvam/oss-release/azihsm-fw/core/riot/reference/RiotDerDec.c.obj
                0x000000002010a8c0                DERDECGetPubKey
 .text.DERDECGetSubjectName
                0x000000002010a976       0x92 cmake/dc_scm_1sp/CMakeFiles/dc_scm_1sp.elf.dir/home/tselvam/oss-release/azihsm-fw/core/riot/reference/RiotDerDec.c.obj
                0x000000002010a976                DERDECGetSubjectName
 .text.DERDECVerifyCert
                0x000000002010aa08       0x56 cmake/dc_scm_1sp/CMakeFiles/dc_scm_1sp.elf.dir/home/tselvam/oss-release/azihsm-fw/core/riot/reference/RiotDerDec.c.obj
                0x000000002010aa08                DERDECVerifyCert
 .text.GetIntEncodedNumBytes
                0x000000002010aa5e       0x4c cmake/dc_scm_1sp/CMakeFiles/dc_scm_1sp.elf.dir/home/tselvam/oss-release/azihsm-fw/core/riot/reference/RiotDerEnc.c.obj
 .text.EncodeInt.isra.0
                0x000000002010aaaa       0x6c cmake/dc_scm_1sp/CMakeFiles/dc_scm_1sp.elf.dir/home/tselvam/oss-release/azihsm-fw/core/riot/reference/RiotDerEnc.c.obj
 .text.DERInitContext
                0x000000002010ab16       0x5a cmake/dc_scm_1sp/CMakeFiles/dc_scm_1sp.elf.dir/home/tselvam/oss-release/azihsm-fw/core/riot/reference/RiotDerEnc.c.obj
                0x000000002010ab16                DERInitContext
 .text.DERGetEncodedLength
                0x000000002010ab70       0x28 cmake/dc_scm_1sp/CMakeFiles/dc_scm_1sp.elf.dir/home/tselvam/oss-release/azihsm-fw/core/riot/reference/RiotDerEnc.c.obj
                0x000000002010ab70                DERGetEncodedLength
 .text.DERAddOID
                0x000000002010ab98      0x12a cmake/dc_scm_1sp/CMakeFiles/dc_scm_1sp.elf.dir/home/tselvam/oss-release/azihsm-fw/core/riot/reference/RiotDerEnc.c.obj
                0x000000002010ab98                DERAddOID
 .text.DERAddEncodedOID
                0x000000002010acc2       0x90 cmake/dc_scm_1sp/CMakeFiles/dc_scm_1sp.elf.dir/home/tselvam/oss-release/azihsm-fw/core/riot/reference/RiotDerEnc.c.obj
                0x000000002010acc2                DERAddEncodedOID
 .text.DERAddString
                0x000000002010ad52       0xa2 cmake/dc_scm_1sp/CMakeFiles/dc_scm_1sp.elf.dir/home/tselvam/oss-release/azihsm-fw/core/riot/reference/RiotDerEnc.c.obj
                0x000000002010ad52                DERAddString
 .text.DERAddUTF8String
                0x000000002010adf4       0x2e cmake/dc_scm_1sp/CMakeFiles/dc_scm_1sp.elf.dir/home/tselvam/oss-release/azihsm-fw/core/riot/reference/RiotDerEnc.c.obj
                0x000000002010adf4                DERAddUTF8String
 .text.DERAddTime
                0x000000002010ae22       0xa2 cmake/dc_scm_1sp/CMakeFiles/dc_scm_1sp.elf.dir/home/tselvam/oss-release/azihsm-fw/core/riot/reference/RiotDerEnc.c.obj
                0x000000002010ae22                DERAddTime
 .text.DERAddTaggedIntegerFromArray
                0x000000002010aec4       0xfc cmake/dc_scm_1sp/CMakeFiles/dc_scm_1sp.elf.dir/home/tselvam/oss-release/azihsm-fw/core/riot/reference/RiotDerEnc.c.obj
                0x000000002010aec4                DERAddTaggedIntegerFromArray
 .text.DERAddIntegerFromArray
                0x000000002010afc0       0x2e cmake/dc_scm_1sp/CMakeFiles/dc_scm_1sp.elf.dir/home/tselvam/oss-release/azihsm-fw/core/riot/reference/RiotDerEnc.c.obj
                0x000000002010afc0                DERAddIntegerFromArray
 .text.DERAddTaggedInteger
                0x000000002010afee       0x4e cmake/dc_scm_1sp/CMakeFiles/dc_scm_1sp.elf.dir/home/tselvam/oss-release/azihsm-fw/core/riot/reference/RiotDerEnc.c.obj
                0x000000002010afee                DERAddTaggedInteger
 .text.DERAddInteger
                0x000000002010b03c       0x2e cmake/dc_scm_1sp/CMakeFiles/dc_scm_1sp.elf.dir/home/tselvam/oss-release/azihsm-fw/core/riot/reference/RiotDerEnc.c.obj
                0x000000002010b03c                DERAddInteger
 .text.DERAddShortExplicitInteger
                0x000000002010b06a       0x7e cmake/dc_scm_1sp/CMakeFiles/dc_scm_1sp.elf.dir/home/tselvam/oss-release/azihsm-fw/core/riot/reference/RiotDerEnc.c.obj
                0x000000002010b06a                DERAddShortExplicitInteger
 .text.DERAddBoolean
                0x000000002010b0e8       0x82 cmake/dc_scm_1sp/CMakeFiles/dc_scm_1sp.elf.dir/home/tselvam/oss-release/azihsm-fw/core/riot/reference/RiotDerEnc.c.obj
                0x000000002010b0e8                DERAddBoolean
 .text.DERAddNamedBitString
                0x000000002010b16a       0xbe cmake/dc_scm_1sp/CMakeFiles/dc_scm_1sp.elf.dir/home/tselvam/oss-release/azihsm-fw/core/riot/reference/RiotDerEnc.c.obj
                0x000000002010b16a                DERAddNamedBitString
 .text.DERAddBitString
                0x000000002010b228       0x30 cmake/dc_scm_1sp/CMakeFiles/dc_scm_1sp.elf.dir/home/tselvam/oss-release/azihsm-fw/core/riot/reference/RiotDerEnc.c.obj
                0x000000002010b228                DERAddBitString
 .text.DERAddOctetString
                0x000000002010b258       0x98 cmake/dc_scm_1sp/CMakeFiles/dc_scm_1sp.elf.dir/home/tselvam/oss-release/azihsm-fw/core/riot/reference/RiotDerEnc.c.obj
                0x000000002010b258                DERAddOctetString
 .text.DERStartConstructed
                0x000000002010b2f0       0x60 cmake/dc_scm_1sp/CMakeFiles/dc_scm_1sp.elf.dir/home/tselvam/oss-release/azihsm-fw/core/riot/reference/RiotDerEnc.c.obj
                0x000000002010b2f0                DERStartConstructed
 .text.DERStartSequenceOrSet
                0x000000002010b350       0x34 cmake/dc_scm_1sp/CMakeFiles/dc_scm_1sp.elf.dir/home/tselvam/oss-release/azihsm-fw/core/riot/reference/RiotDerEnc.c.obj
                0x000000002010b350                DERStartSequenceOrSet
 .text.DERStartExplicit
                0x000000002010b384       0x64 cmake/dc_scm_1sp/CMakeFiles/dc_scm_1sp.elf.dir/home/tselvam/oss-release/azihsm-fw/core/riot/reference/RiotDerEnc.c.obj
                0x000000002010b384                DERStartExplicit
 .text.DERAddAuthKeyBitString
                0x000000002010b3e8       0x9a cmake/dc_scm_1sp/CMakeFiles/dc_scm_1sp.elf.dir/home/tselvam/oss-release/azihsm-fw/core/riot/reference/RiotDerEnc.c.obj
                0x000000002010b3e8                DERAddAuthKeyBitString
 .text.DERStartEnvelopingOctetString
                0x000000002010b482       0x60 cmake/dc_scm_1sp/CMakeFiles/dc_scm_1sp.elf.dir/home/tselvam/oss-release/azihsm-fw/core/riot/reference/RiotDerEnc.c.obj
                0x000000002010b482                DERStartEnvelopingOctetString
 .text.DERPopNesting
                0x000000002010b4e2       0x9a cmake/dc_scm_1sp/CMakeFiles/dc_scm_1sp.elf.dir/home/tselvam/oss-release/azihsm-fw/core/riot/reference/RiotDerEnc.c.obj
                0x000000002010b4e2                DERPopNesting
 .text.DERTbsToCert
                0x000000002010b57c       0x7a cmake/dc_scm_1sp/CMakeFiles/dc_scm_1sp.elf.dir/home/tselvam/oss-release/azihsm-fw/core/riot/reference/RiotDerEnc.c.obj
                0x000000002010b57c                DERTbsToCert
 .text.DERAddDER
                0x000000002010b5f6       0x60 cmake/dc_scm_1sp/CMakeFiles/dc_scm_1sp.elf.dir/home/tselvam/oss-release/azihsm-fw/core/riot/reference/RiotDerEnc.c.obj
                0x000000002010b5f6                DERAddDER
 .text.DERAddPublicKey
                0x000000002010b656       0x2c cmake/dc_scm_1sp/CMakeFiles/dc_scm_1sp.elf.dir/home/tselvam/oss-release/azihsm-fw/core/riot/reference/RiotDerEnc.c.obj
                0x000000002010b656                DERAddPublicKey
 .text.device_unlock_token_parse_authorized_data
                0x000000002010b682       0x90 cmake/dc_scm_1sp/CMakeFiles/dc_scm_1sp.elf.dir/home/tselvam/oss-release/azihsm-fw/core/system/device_unlock_token.c.obj
 .text.device_unlock_token_parse_authorized_data_and_token
                0x000000002010b712       0xce cmake/dc_scm_1sp/CMakeFiles/dc_scm_1sp.elf.dir/home/tselvam/oss-release/azihsm-fw/core/system/device_unlock_token.c.obj
 .text.device_unlock_token_get_unlock_counter
                0x000000002010b7e0       0x62 cmake/dc_scm_1sp/CMakeFiles/dc_scm_1sp.elf.dir/home/tselvam/oss-release/azihsm-fw/core/system/device_unlock_token.c.obj
                0x000000002010b7e0                device_unlock_token_get_unlock_counter
 .text.device_unlock_token_get_nonce
                0x000000002010b842       0x60 cmake/dc_scm_1sp/CMakeFiles/dc_scm_1sp.elf.dir/home/tselvam/oss-release/azihsm-fw/core/system/device_unlock_token.c.obj
                0x000000002010b842                device_unlock_token_get_nonce
 .text.device_unlock_token_get_unlock_policy
                0x000000002010b8a2       0x70 cmake/dc_scm_1sp/CMakeFiles/dc_scm_1sp.elf.dir/home/tselvam/oss-release/azihsm-fw/core/system/device_unlock_token.c.obj
                0x000000002010b8a2                device_unlock_token_get_unlock_policy
 .text.fatal_error_unrecoverable_error
                0x000000002010b912       0x5c cmake/dc_scm_1sp/CMakeFiles/dc_scm_1sp.elf.dir/home/tselvam/oss-release/azihsm-fw/core/system/fatal_error.c.obj
                0x000000002010b912                fatal_error_unrecoverable_error
 .text.real_time_clock_set_time_unsupported
                0x000000002010b96e       0x3a cmake/dc_scm_1sp/CMakeFiles/dc_scm_1sp.elf.dir/home/tselvam/oss-release/azihsm-fw/core/system/real_time_clock.c.obj
                0x000000002010b96e                real_time_clock_set_time_unsupported
 .text.security_manager_get_security_policy
                0x000000002010b9a8       0x6e cmake/dc_scm_1sp/CMakeFiles/dc_scm_1sp.elf.dir/home/tselvam/oss-release/azihsm-fw/core/system/security_manager.c.obj
                0x000000002010b9a8                security_manager_get_security_policy
 .text.security_policy_enforce_firmware_signing
                0x000000002010ba16       0x76 cmake/dc_scm_1sp/CMakeFiles/dc_scm_1sp.elf.dir/home/tselvam/oss-release/azihsm-fw/core/system/security_policy.c.obj
                0x000000002010ba16                security_policy_enforce_firmware_signing
 .text.security_policy_enforce_anti_rollback
                0x000000002010ba8c       0x76 cmake/dc_scm_1sp/CMakeFiles/dc_scm_1sp.elf.dir/home/tselvam/oss-release/azihsm-fw/core/system/security_policy.c.obj
                0x000000002010ba8c                security_policy_enforce_anti_rollback
 .text.platform_semaphore_init
                0x000000002010bb02       0x38 cmake/dc_scm_1sp/CMakeFiles/dc_scm_1sp.elf.dir/home/tselvam/oss-release/azihsm-fw/projects/bare_metal/platform_base.c.obj
                0x000000002010bb02                platform_semaphore_init
 .text._sbrk    0x000000002010bb3a       0x5e cmake/dc_scm_1sp/CMakeFiles/dc_scm_1sp.elf.dir/home/tselvam/oss-release/azihsm-fw/projects/bare_metal/sbrk.c.obj
                0x000000002010bb3a                _sbrk
 .text.platform_msleep
                0x000000002010bb98       0x52 cmake/dc_scm_1sp/CMakeFiles/dc_scm_1sp.elf.dir/home/tselvam/oss-release/azihsm-fw/projects/microsoft/hsp/platform/bare_metal/platform.c.obj
                0x000000002010bb98                platform_msleep
 .text.sram_data_fits_in_range
                0x000000002010bbea       0xa4 cmake/dc_scm_1sp/CMakeFiles/dc_scm_1sp.elf.dir/home/tselvam/oss-release/azihsm-fw/projects/microsoft/hsp/src/common/sram_util.c.obj
 .text.sram_is_address_in_block
                0x000000002010bc8e       0x54 cmake/dc_scm_1sp/CMakeFiles/dc_scm_1sp.elf.dir/home/tselvam/oss-release/azihsm-fw/projects/microsoft/hsp/src/common/sram_util.c.obj
                0x000000002010bc8e                sram_is_address_in_block
 .text.sram_data_fits_in_block
                0x000000002010bce2       0x50 cmake/dc_scm_1sp/CMakeFiles/dc_scm_1sp.elf.dir/home/tselvam/oss-release/azihsm-fw/projects/microsoft/hsp/src/common/sram_util.c.obj
                0x000000002010bce2                sram_data_fits_in_block
 .text.sram_is_range_inside_region
                0x000000002010bd32       0x3a cmake/dc_scm_1sp/CMakeFiles/dc_scm_1sp.elf.dir/home/tselvam/oss-release/azihsm-fw/projects/microsoft/hsp/src/common/sram_util.c.obj
                0x000000002010bd32                sram_is_range_inside_region
 .text.sram_data_fits_in_soc_block
                0x000000002010bd6c       0x50 cmake/dc_scm_1sp/CMakeFiles/dc_scm_1sp.elf.dir/home/tselvam/oss-release/azihsm-fw/projects/microsoft/hsp/src/common/sram_util.c.obj
                0x000000002010bd6c                sram_data_fits_in_soc_block
 .text.sram_is_soc_range_inside_region
                0x000000002010bdbc       0x2c cmake/dc_scm_1sp/CMakeFiles/dc_scm_1sp.elf.dir/home/tselvam/oss-release/azihsm-fw/projects/microsoft/hsp/src/common/sram_util.c.obj
                0x000000002010bdbc                sram_is_soc_range_inside_region
 .text.sram_erase_soc_memory
                0x000000002010bde8       0x74 cmake/dc_scm_1sp/CMakeFiles/dc_scm_1sp.elf.dir/home/tselvam/oss-release/azihsm-fw/projects/microsoft/hsp/src/common/sram_util.c.obj
                0x000000002010bde8                sram_erase_soc_memory
 .text.sram_erase_soc_memory_blocks
                0x000000002010be5c       0x72 cmake/dc_scm_1sp/CMakeFiles/dc_scm_1sp.elf.dir/home/tselvam/oss-release/azihsm-fw/projects/microsoft/hsp/src/common/sram_util.c.obj
                0x000000002010be5c                sram_erase_soc_memory_blocks
 .text.ecc_ccs_init_public_key
                0x000000002010bece       0x44 cmake/dc_scm_1sp/CMakeFiles/dc_scm_1sp.elf.dir/home/tselvam/oss-release/azihsm-fw/projects/microsoft/hsp/src/crypto/ecc_ccs.c.obj
                0x000000002010bece                ecc_ccs_init_public_key
 .text.ecc_ccs_generate_key_pair
                0x000000002010bf12       0x54 cmake/dc_scm_1sp/CMakeFiles/dc_scm_1sp.elf.dir/home/tselvam/oss-release/azihsm-fw/projects/microsoft/hsp/src/crypto/ecc_ccs.c.obj
                0x000000002010bf12                ecc_ccs_generate_key_pair
 .text.ecc_ccs_release_key_pair
                0x000000002010bf66       0x44 cmake/dc_scm_1sp/CMakeFiles/dc_scm_1sp.elf.dir/home/tselvam/oss-release/azihsm-fw/projects/microsoft/hsp/src/crypto/ecc_ccs.c.obj
                0x000000002010bf66                ecc_ccs_release_key_pair
 .text.ecc_ccs_get_signature_max_length
                0x000000002010bfaa       0x58 cmake/dc_scm_1sp/CMakeFiles/dc_scm_1sp.elf.dir/home/tselvam/oss-release/azihsm-fw/projects/microsoft/hsp/src/crypto/ecc_ccs.c.obj
                0x000000002010bfaa                ecc_ccs_get_signature_max_length
 .text.ecc_ccs_get_signature_max_verify_length
                0x000000002010c002       0x48 cmake/dc_scm_1sp/CMakeFiles/dc_scm_1sp.elf.dir/home/tselvam/oss-release/azihsm-fw/projects/microsoft/hsp/src/crypto/ecc_ccs.c.obj
                0x000000002010c002                ecc_ccs_get_signature_max_verify_length
 .text.ecc_ccs_verify
                0x000000002010c04a       0x46 cmake/dc_scm_1sp/CMakeFiles/dc_scm_1sp.elf.dir/home/tselvam/oss-release/azihsm-fw/projects/microsoft/hsp/src/crypto/ecc_ccs.c.obj
                0x000000002010c04a                ecc_ccs_verify
 .text.ecc_ccs_generate_derived_key_pair
                0x000000002010c090       0x58 cmake/dc_scm_1sp/CMakeFiles/dc_scm_1sp.elf.dir/home/tselvam/oss-release/azihsm-fw/projects/microsoft/hsp/src/crypto/ecc_ccs.c.obj
                0x000000002010c090                ecc_ccs_generate_derived_key_pair
 .text.ecc_ccs_get_public_key_der
                0x000000002010c0e8       0x50 cmake/dc_scm_1sp/CMakeFiles/dc_scm_1sp.elf.dir/home/tselvam/oss-release/azihsm-fw/projects/microsoft/hsp/src/crypto/ecc_ccs.c.obj
                0x000000002010c0e8                ecc_ccs_get_public_key_der
 .text.ecc_ccs_init_key_pair
                0x000000002010c138      0x110 cmake/dc_scm_1sp/CMakeFiles/dc_scm_1sp.elf.dir/home/tselvam/oss-release/azihsm-fw/projects/microsoft/hsp/src/crypto/ecc_ccs.c.obj
                0x000000002010c138                ecc_ccs_init_key_pair
 .text.ecc_ccs_get_private_key_der
                0x000000002010c248       0x98 cmake/dc_scm_1sp/CMakeFiles/dc_scm_1sp.elf.dir/home/tselvam/oss-release/azihsm-fw/projects/microsoft/hsp/src/crypto/ecc_ccs.c.obj
                0x000000002010c248                ecc_ccs_get_private_key_der
 .text.ecc_ccs_sign
                0x000000002010c2e0      0x132 cmake/dc_scm_1sp/CMakeFiles/dc_scm_1sp.elf.dir/home/tselvam/oss-release/azihsm-fw/projects/microsoft/hsp/src/crypto/ecc_ccs.c.obj
                0x000000002010c2e0                ecc_ccs_sign
 .text.ccs_ksu_fips_new_private_key
                0x000000002010c412       0x64 cmake/dc_scm_1sp/CMakeFiles/dc_scm_1sp.elf.dir/home/tselvam/oss-release/azihsm-fw/projects/microsoft/hsp/src/drivers/ccs_ksu_fips.c.obj
 .text.ccs_ksu_fips_is_key_slot_valid
                0x000000002010c476       0x44 cmake/dc_scm_1sp/CMakeFiles/dc_scm_1sp.elf.dir/home/tselvam/oss-release/azihsm-fw/projects/microsoft/hsp/src/drivers/ccs_ksu_fips.c.obj
                0x000000002010c476                ccs_ksu_fips_is_key_slot_valid
 .text.ccs_ksu_fips_ecdh_key_exchange
                0x000000002010c4ba       0x2e cmake/dc_scm_1sp/CMakeFiles/dc_scm_1sp.elf.dir/home/tselvam/oss-release/azihsm-fw/projects/microsoft/hsp/src/drivers/ccs_ksu_fips.c.obj
                0x000000002010c4ba                ccs_ksu_fips_ecdh_key_exchange
 .text.ccs_ksu_fips_wrap_key_buffer
                0x000000002010c4e8       0x44 cmake/dc_scm_1sp/CMakeFiles/dc_scm_1sp.elf.dir/home/tselvam/oss-release/azihsm-fw/projects/microsoft/hsp/src/drivers/ccs_ksu_fips.c.obj
                0x000000002010c4e8                ccs_ksu_fips_wrap_key_buffer
 .text.ccs_ksu_fips_burn_key
                0x000000002010c52c       0x44 cmake/dc_scm_1sp/CMakeFiles/dc_scm_1sp.elf.dir/home/tselvam/oss-release/azihsm-fw/projects/microsoft/hsp/src/drivers/ccs_ksu_fips.c.obj
                0x000000002010c52c                ccs_ksu_fips_burn_key
 .text.ccs_ksu_fips_reset_pcr
                0x000000002010c570       0x44 cmake/dc_scm_1sp/CMakeFiles/dc_scm_1sp.elf.dir/home/tselvam/oss-release/azihsm-fw/projects/microsoft/hsp/src/drivers/ccs_ksu_fips.c.obj
                0x000000002010c570                ccs_ksu_fips_reset_pcr
 .text.ccs_ksu_fips_extend_pcr
                0x000000002010c5b4       0x44 cmake/dc_scm_1sp/CMakeFiles/dc_scm_1sp.elf.dir/home/tselvam/oss-release/azihsm-fw/projects/microsoft/hsp/src/drivers/ccs_ksu_fips.c.obj
                0x000000002010c5b4                ccs_ksu_fips_extend_pcr
 .text.ccs_ksu_fips_get_pcr_value
                0x000000002010c5f8       0x44 cmake/dc_scm_1sp/CMakeFiles/dc_scm_1sp.elf.dir/home/tselvam/oss-release/azihsm-fw/projects/microsoft/hsp/src/drivers/ccs_ksu_fips.c.obj
                0x000000002010c5f8                ccs_ksu_fips_get_pcr_value
 .text.ccs_ksu_fips_delete_private_key
                0x000000002010c63c       0x62 cmake/dc_scm_1sp/CMakeFiles/dc_scm_1sp.elf.dir/home/tselvam/oss-release/azihsm-fw/projects/microsoft/hsp/src/drivers/ccs_ksu_fips.c.obj
 .text.ccs_ksu_fips_get_fw_ksu_slot.isra.0
                0x000000002010c69e       0x60 cmake/dc_scm_1sp/CMakeFiles/dc_scm_1sp.elf.dir/home/tselvam/oss-release/azihsm-fw/projects/microsoft/hsp/src/drivers/ccs_ksu_fips.c.obj
 .text.ccs_ksu_fips_free_fw_ksu_slot
                0x000000002010c6fe       0x46 cmake/dc_scm_1sp/CMakeFiles/dc_scm_1sp.elf.dir/home/tselvam/oss-release/azihsm-fw/projects/microsoft/hsp/src/drivers/ccs_ksu_fips.c.obj
 .text.ccs_ksu_fips_generate_random_key
                0x000000002010c744       0x60 cmake/dc_scm_1sp/CMakeFiles/dc_scm_1sp.elf.dir/home/tselvam/oss-release/azihsm-fw/projects/microsoft/hsp/src/drivers/ccs_ksu_fips.c.obj
                0x000000002010c744                ccs_ksu_fips_generate_random_key
 .text.ccs_ksu_fips_derive_key
                0x000000002010c7a4       0x90 cmake/dc_scm_1sp/CMakeFiles/dc_scm_1sp.elf.dir/home/tselvam/oss-release/azihsm-fw/projects/microsoft/hsp/src/drivers/ccs_ksu_fips.c.obj